Archive member included to satisfy reference by file (symbol)

D:/EmbeddecSystemsStuff/ticcs1230/simplelink_cc32xx_sdk_7_10_00_13/source\ti/drivers/lib/gcc/m4/drivers_cc32xx.a(GPIO.c.obj)
                              ./gpiointerrupt.o (GPIO_setCallback)
D:/EmbeddecSystemsStuff/ticcs1230/simplelink_cc32xx_sdk_7_10_00_13/source\ti/drivers/lib/gcc/m4/drivers_cc32xx.a(GPIOCC32XX.c.obj)
                              ./gpiointerrupt.o (GPIO_enableInt)
D:/EmbeddecSystemsStuff/ticcs1230/simplelink_cc32xx_sdk_7_10_00_13/source\ti/drivers/lib/gcc/m4/drivers_cc32xx.a(I2C.c.obj)
                              ./gpiointerrupt.o (I2C_init)
D:/EmbeddecSystemsStuff/ticcs1230/simplelink_cc32xx_sdk_7_10_00_13/source\ti/drivers/lib/gcc/m4/drivers_cc32xx.a(I2CCC32XX.c.obj)
                              D:/EmbeddecSystemsStuff/ticcs1230/simplelink_cc32xx_sdk_7_10_00_13/source\ti/drivers/lib/gcc/m4/drivers_cc32xx.a(I2C.c.obj) (I2CSupport_primeTransfer)
D:/EmbeddecSystemsStuff/ticcs1230/simplelink_cc32xx_sdk_7_10_00_13/source\ti/drivers/lib/gcc/m4/drivers_cc32xx.a(PowerCC32XX.c.obj)
                              ./syscfg/ti_drivers_config.o (Power_init)
D:/EmbeddecSystemsStuff/ticcs1230/simplelink_cc32xx_sdk_7_10_00_13/source\ti/drivers/lib/gcc/m4/drivers_cc32xx.a(PowerCC32XX_gcc.asm.obj)
                              D:/EmbeddecSystemsStuff/ticcs1230/simplelink_cc32xx_sdk_7_10_00_13/source\ti/drivers/lib/gcc/m4/drivers_cc32xx.a(PowerCC32XX.c.obj) (PowerCC32XX_enterLPDS)
D:/EmbeddecSystemsStuff/ticcs1230/simplelink_cc32xx_sdk_7_10_00_13/source\ti/drivers/lib/gcc/m4/drivers_cc32xx.a(Timer.c.obj)
                              ./gpiointerrupt.o (Timer_init)
D:/EmbeddecSystemsStuff/ticcs1230/simplelink_cc32xx_sdk_7_10_00_13/source\ti/drivers/lib/gcc/m4/drivers_cc32xx.a(TimerCC32XX.c.obj)
                              ./gpiointerrupt.o (Timer_open)
D:/EmbeddecSystemsStuff/ticcs1230/simplelink_cc32xx_sdk_7_10_00_13/source\ti/drivers/lib/gcc/m4/drivers_cc32xx.a(UART2.c.obj)
                              ./gpiointerrupt.o (UART2_Params_init)
D:/EmbeddecSystemsStuff/ticcs1230/simplelink_cc32xx_sdk_7_10_00_13/source\ti/drivers/lib/gcc/m4/drivers_cc32xx.a(UART2CC32XX.c.obj)
                              ./gpiointerrupt.o (UART2_open)
D:/EmbeddecSystemsStuff/ticcs1230/simplelink_cc32xx_sdk_7_10_00_13/source\ti/drivers/lib/gcc/m4/drivers_cc32xx.a(List.c.obj)
                              D:/EmbeddecSystemsStuff/ticcs1230/simplelink_cc32xx_sdk_7_10_00_13/source\ti/drivers/lib/gcc/m4/drivers_cc32xx.a(PowerCC32XX.c.obj) (List_put)
D:/EmbeddecSystemsStuff/ticcs1230/simplelink_cc32xx_sdk_7_10_00_13/source\ti/drivers/lib/gcc/m4/drivers_cc32xx.a(RingBuf.c.obj)
                              D:/EmbeddecSystemsStuff/ticcs1230/simplelink_cc32xx_sdk_7_10_00_13/source\ti/drivers/lib/gcc/m4/drivers_cc32xx.a(UART2CC32XX.c.obj) (RingBuf_construct)
D:/EmbeddecSystemsStuff/ticcs1230/simplelink_cc32xx_sdk_7_10_00_13/source\ti/drivers/lib/gcc/m4/drivers_cc32xx.a(UDMACC32XX.c.obj)
                              D:/EmbeddecSystemsStuff/ticcs1230/simplelink_cc32xx_sdk_7_10_00_13/source\ti/drivers/lib/gcc/m4/drivers_cc32xx.a(UART2CC32XX.c.obj) (UDMACC32XX_close)
D:/EmbeddecSystemsStuff/ticcs1230/simplelink_cc32xx_sdk_7_10_00_13/kernel/nortos\lib/gcc/m4/nortos_cc32xx.a(NoRTOS.c.obj)
                              ./main_nortos.o (NoRTOS_start)
D:/EmbeddecSystemsStuff/ticcs1230/simplelink_cc32xx_sdk_7_10_00_13/kernel/nortos\lib/gcc/m4/nortos_cc32xx.a(SemaphoreP_nortos.c.obj)
                              D:/EmbeddecSystemsStuff/ticcs1230/simplelink_cc32xx_sdk_7_10_00_13/source\ti/drivers/lib/gcc/m4/drivers_cc32xx.a(I2CCC32XX.c.obj) (SemaphoreP_constructBinary)
D:/EmbeddecSystemsStuff/ticcs1230/simplelink_cc32xx_sdk_7_10_00_13/kernel/nortos\lib/gcc/m4/nortos_cc32xx.a(ClockPSysTick_nortos.c.obj)
                              D:/EmbeddecSystemsStuff/ticcs1230/simplelink_cc32xx_sdk_7_10_00_13/kernel/nortos\lib/gcc/m4/nortos_cc32xx.a(SemaphoreP_nortos.c.obj) (ClockP_add)
D:/EmbeddecSystemsStuff/ticcs1230/simplelink_cc32xx_sdk_7_10_00_13/kernel/nortos\lib/gcc/m4/nortos_cc32xx.a(HwiPCC32XX_nortos.c.obj)
                              D:/EmbeddecSystemsStuff/ticcs1230/simplelink_cc32xx_sdk_7_10_00_13/kernel/nortos\lib/gcc/m4/nortos_cc32xx.a(NoRTOS.c.obj) (HwiP_enable)
D:/EmbeddecSystemsStuff/ticcs1230/simplelink_cc32xx_sdk_7_10_00_13/kernel/nortos\lib/gcc/m4/nortos_cc32xx.a(PowerCC32XX_nortos.c.obj)
                              ./syscfg/ti_drivers_config.o (PowerCC32XX_initPolicy)
D:/EmbeddecSystemsStuff/ticcs1230/simplelink_cc32xx_sdk_7_10_00_13/kernel/nortos\lib/gcc/m4/nortos_cc32xx.a(startup_cc32xx_gcc.c.obj)
                              (resetISR)
D:/EmbeddecSystemsStuff/ticcs1230/simplelink_cc32xx_sdk_7_10_00_13/kernel/nortos\lib/gcc/m4/nortos_cc32xx.a(SwiP_nortos.c.obj)
[...]
Memory Configuration

Name             Origin             Length             Attributes
SRAM             0x20004000         0x0003c000         xrw
LOG_DATA         0x90000000         0x00040000         r
LOG_PTR          0x94000008         0x00040000         r
*default*        0x00000000         0xffffffff

Linker script and memory map

LOAD ./gpiointerrupt.o
LOAD ./syscfg/ti_drivers_config.o
LOAD ./main_nortos.o
                0x00001000                STACKSIZE = 0x1000
                0x00008000                HEAP_SIZE = 0x8000
                0x20004000                PROVIDE (_resetVecs_base_address = DEFINED (_resetVecs_base_address)?_resetVecs_base_address:0x20004000)

.resetVecs      0x20004000       0x40
 *(.resetVecs)
 .resetVecs     0x20004000       0x40 D:/EmbeddecSystemsStuff/ticcs1230/simplelink_cc32xx_sdk_7_10_00_13/kernel/nortos\lib/gcc/m4/nortos_cc32xx.a(startup_cc32xx_gcc.c.obj)

.ramVecs        0x20004400      0x30c
 *(.ramVecs)
 .ramVecs       0x20004400      0x30c D:/EmbeddecSystemsStuff/ticcs1230/simplelink_cc32xx_sdk_7_10_00_13/kernel/nortos\lib/gcc/m4/nortos_cc32xx.a(startup_cc32xx_gcc.c.obj)

.text           0x20004710     0x6a98
 CREATE_OBJECT_SYMBOLS
 *(.text)
 .text          0x20004710       0x98 D:/EmbeddecSystemsStuff/ticcs1230/simplelink_cc32xx_sdk_7_10_00_13/source\ti/drivers/lib/gcc/m4/drivers_cc32xx.a(PowerCC32XX_gcc.asm.obj)
                0x20004710                PowerCC32XX_enterLPDS
                0x20004754                PowerCC32XX_resumeLPDS
 .text          0x200047a8      0x254 d:/embeddecsystemsstuff/ticcs1230/ccs/tools/compiler/gcc-arm-none-eabi-9-2019-q4-major/bin/../lib/gcc/arm-none-eabi/9.2.1/thumb/v7e-m/nofp\libgcc.a(_arm_muldf3.o)
                0x200047a8                __muldf3
                0x200047a8                __aeabi_dmul
 .text          0x200049fc      0x378 d:/embeddecsystemsstuff/ticcs1230/ccs/tools/compiler/gcc-arm-none-eabi-9-2019-q4-major/bin/../lib/gcc/arm-none-eabi/9.2.1/thumb/v7e-m/nofp\libgcc.a(_arm_addsubdf3.o)
                0x200049fc                __aeabi_drsub
                0x20004a04                __aeabi_dsub
                0x20004a04                __subdf3
                0x20004a08                __aeabi_dadd
                0x20004a08                __adddf3
                0x20004c80                __floatunsidf
                0x20004c80                __aeabi_ui2d
                0x20004ca0                __floatsidf
                0x20004ca0                __aeabi_i2d
                0x20004cc4                __aeabi_f2d
                0x20004cc4                __extendsfdf2
                0x20004d08                __floatundidf
                0x20004d08                __aeabi_ul2d
                0x20004d18                __floatdidf
                0x20004d18                __aeabi_l2d
 .text          0x20004d74       0x50 d:/embeddecsystemsstuff/ticcs1230/ccs/tools/compiler/gcc-arm-none-eabi-9-2019-q4-major/bin/../lib/gcc/arm-none-eabi/9.2.1/thumb/v7e-m/nofp\libgcc.a(_arm_fixdfsi.o)
                0x20004d74                __aeabi_d2iz
                0x20004d74                __fixdfsi
 .text          0x20004dc4       0x40 d:/embeddecsystemsstuff/ticcs1230/ccs/tools/compiler/gcc-arm-none-eabi-9-2019-q4-major/bin/../lib/gcc/arm-none-eabi/9.2.1/thumb/v7e-m/nofp\libgcc.a(_arm_fixunsdfsi.o)
                0x20004dc4                __aeabi_d2uiz
                0x20004dc4                __fixunsdfsi
 .text          0x20004e04       0x30 d:/embeddecsystemsstuff/ticcs1230/ccs/tools/compiler/gcc-arm-none-eabi-9-2019-q4-major/bin/../lib/gcc/arm-none-eabi/9.2.1/thumb/v7e-m/nofp\libgcc.a(_aeabi_uldivmod.o)
                0x20004e04                __aeabi_uldivmod
 .text          0x20004e34      0x2c0 d:/embeddecsystemsstuff/ticcs1230/ccs/tools/compiler/gcc-arm-none-eabi-9-2019-q4-major/bin/../lib/gcc/arm-none-eabi/9.2.1/thumb/v7e-m/nofp\libgcc.a(_udivmoddi4.o)
                0x20004e34                __udivmoddi4
 .text          0x200050f4        0x4 d:/embeddecsystemsstuff/ticcs1230/ccs/tools/compiler/gcc-arm-none-eabi-9-2019-q4-major/bin/../lib/gcc/arm-none-eabi/9.2.1/thumb/v7e-m/nofp\libgcc.a(_dvmd_tls.o)
                0x200050f4                __aeabi_idiv0
                0x200050f4                __aeabi_ldiv0
 *fill*         0x200050f8        0x8 
 .text          0x20005100       0xa0 D:/EmbeddecSystemsStuff/ticcs1230/ccs/tools/compiler/gcc-arm-none-eabi-9-2019-q4-major/arm-none-eabi/lib/thumb/v7e-m/nofp\libc_nano.a(lib_a-memchr.o)
                0x20005100                memchr
 *(.text.*)
 .text.gpioButtonFxn0
                0x200051a0        0xc ./gpiointerrupt.o
                0x200051a0                gpioButtonFxn0
 .text.gpioButtonFxn1
                0x200051ac        0xc ./gpiointerrupt.o
                0x200051ac                gpioButtonFxn1
 .text.TimerISR
                0x200051b8        0xc ./gpiointerrupt.o
                0x200051b8                TimerISR
 .text.BP_SM    0x200051c4       0x30 ./gpiointerrupt.o
                0x200051c4                BP_SM
 .text.SD_SM    0x200051f4       0x90 ./gpiointerrupt.o
                0x200051f4                SD_SM
 .text.InitGPIOItems
                0x20005284       0x54 ./gpiointerrupt.o
                0x20005284                InitGPIOItems
 .text.InitUART2
                0x200052d8       0x30 ./gpiointerrupt.o
                0x200052d8                InitUART2
 .text.InitI2C  0x20005308      0x1ac ./gpiointerrupt.o
                0x20005308                InitI2C
 .text.InitTimer
                0x200054b4       0x48 ./gpiointerrupt.o
                0x200054b4                InitTimer
 .text.mainThread
                0x200054fc       0xd8 ./gpiointerrupt.o
                0x200054fc                mainThread
 .text.readTemp
                0x200055d4       0x9c ./gpiointerrupt.o
                0x200055d4                readTemp
 .text.AT_SM    0x20005670       0x6c ./gpiointerrupt.o
                0x20005670                AT_SM
 .text.dmaErrorFxn
                0x200056dc        0xc ./syscfg/ti_drivers_config.o
 .text.Board_initHook
                0x200056e8        0x4 ./syscfg/ti_drivers_config.o
                0x200056e8                Board_initHook
 .text.Board_init
                0x200056ec       0x14 ./syscfg/ti_drivers_config.o
                0x200056ec                Board_init
 .text.startup.main
                0x20005700       0x14 ./main_nortos.o
                0x20005700                main
 .text.GPIO_setCallback
                0x20005714       0x1c D:/EmbeddecSystemsStuff/ticcs1230/simplelink_cc32xx_sdk_7_10_00_13/source\ti/drivers/lib/gcc/m4/drivers_cc32xx.a(GPIO.c.obj)
                0x20005714                GPIO_setCallback
 .text.GPIO_hwiIntFxn
                0x20005730       0x54 D:/EmbeddecSystemsStuff/ticcs1230/simplelink_cc32xx_sdk_7_10_00_13/source\ti/drivers/lib/gcc/m4/drivers_cc32xx.a(GPIOCC32XX.c.obj)
                0x20005730                GPIO_hwiIntFxn
 .text.GPIO_enableInt
                0x20005784       0x44 D:/EmbeddecSystemsStuff/ticcs1230/simplelink_cc32xx_sdk_7_10_00_13/source\ti/drivers/lib/gcc/m4/drivers_cc32xx.a(GPIOCC32XX.c.obj)
                0x20005784                GPIO_enableInt
 .text.GPIO_setInterruptConfig
                0x200057c8       0x9c D:/EmbeddecSystemsStuff/ticcs1230/simplelink_cc32xx_sdk_7_10_00_13/source\ti/drivers/lib/gcc/m4/drivers_cc32xx.a(GPIOCC32XX.c.obj)
                0x200057c8                GPIO_setInterruptConfig
 .text.GPIO_setConfig
                0x20005864      0x160 D:/EmbeddecSystemsStuff/ticcs1230/simplelink_cc32xx_sdk_7_10_00_13/source\ti/drivers/lib/gcc/m4/drivers_cc32xx.a(GPIOCC32XX.c.obj)
                0x20005864                GPIO_setConfig
 .text.GPIO_init
                0x200059c4       0xa0 D:/EmbeddecSystemsStuff/ticcs1230/simplelink_cc32xx_sdk_7_10_00_13/source\ti/drivers/lib/gcc/m4/drivers_cc32xx.a(GPIOCC32XX.c.obj)
                0x200059c4                GPIO_init
 .text.powerNotifyFxn
                0x20005a64       0x84 D:/EmbeddecSystemsStuff/ticcs1230/simplelink_cc32xx_sdk_7_10_00_13/source\ti/drivers/lib/gcc/m4/drivers_cc32xx.a(GPIOCC32XX.c.obj)
 .text.GPIO_write
                0x20005ae8       0x8c D:/EmbeddecSystemsStuff/ticcs1230/simplelink_cc32xx_sdk_7_10_00_13/source\ti/drivers/lib/gcc/m4/drivers_cc32xx.a(GPIOCC32XX.c.obj)
                0x20005ae8                GPIO_write
 .text.I2C_init
                0x20005b74        0x4 D:/EmbeddecSystemsStuff/ticcs1230/simplelink_cc32xx_sdk_7_10_00_13/source\ti/drivers/lib/gcc/m4/drivers_cc32xx.a(I2C.c.obj)
                0x20005b74                I2C_init
 .text.I2C_Params_init
                0x20005b78        0xc D:/EmbeddecSystemsStuff/ticcs1230/simplelink_cc32xx_sdk_7_10_00_13/source\ti/drivers/lib/gcc/m4/drivers_cc32xx.a(I2C.c.obj)
                0x20005b78                I2C_Params_init
 .text.I2C_transferTimeout
                0x20005b84      0x150 D:/EmbeddecSystemsStuff/ticcs1230/simplelink_cc32xx_sdk_7_10_00_13/source\ti/drivers/lib/gcc/m4/drivers_cc32xx.a(I2C.c.obj)
                0x20005b84                I2C_transferTimeout
 .text.I2C_transfer
                0x20005cd4       0x14 D:/EmbeddecSystemsStuff/ticcs1230/simplelink_cc32xx_sdk_7_10_00_13/source\ti/drivers/lib/gcc/m4/drivers_cc32xx.a(I2C.c.obj)
                0x20005cd4                I2C_transfer
 .text.I2CCC32XX_blockingCallback
                0x20005ce8        0x8 D:/EmbeddecSystemsStuff/ticcs1230/simplelink_cc32xx_sdk_7_10_00_13/source\ti/drivers/lib/gcc/m4/drivers_cc32xx.a(I2CCC32XX.c.obj)
 .text.I2CCC32XX_primeReadBurst.isra.0
                0x20005cf0       0x74 D:/EmbeddecSystemsStuff/ticcs1230/simplelink_cc32xx_sdk_7_10_00_13/source\ti/drivers/lib/gcc/m4/drivers_cc32xx.a(I2CCC32XX.c.obj)
 .text.I2CCC32XX_initHw.isra.0
                0x20005d64       0x70 D:/EmbeddecSystemsStuff/ticcs1230/simplelink_cc32xx_sdk_7_10_00_13/source\ti/drivers/lib/gcc/m4/drivers_cc32xx.a(I2CCC32XX.c.obj)
 .text.I2CCC32XX_postNotify
                0x20005dd4       0x10 D:/EmbeddecSystemsStuff/ticcs1230/simplelink_cc32xx_sdk_7_10_00_13/source\ti/drivers/lib/gcc/m4/drivers_cc32xx.a(I2CCC32XX.c.obj)
 .text.I2CCC32XX_primeWriteBurst
                0x20005de4       0xac D:/EmbeddecSystemsStuff/ticcs1230/simplelink_cc32xx_sdk_7_10_00_13/source\ti/drivers/lib/gcc/m4/drivers_cc32xx.a(I2CCC32XX.c.obj)
 .text.I2CCC32XX_completeTransfer
                0x20005e90      0x108 D:/EmbeddecSystemsStuff/ticcs1230/simplelink_cc32xx_sdk_7_10_00_13/source\ti/drivers/lib/gcc/m4/drivers_cc32xx.a(I2CCC32XX.c.obj)
 .text.I2CCC32XX_hwiFxn
                0x20005f98      0x1a8 D:/EmbeddecSystemsStuff/ticcs1230/simplelink_cc32xx_sdk_7_10_00_13/source\ti/drivers/lib/gcc/m4/drivers_cc32xx.a(I2CCC32XX.c.obj)
 .text.I2CSupport_primeTransfer
                0x20006140       0x70 D:/EmbeddecSystemsStuff/ticcs1230/simplelink_cc32xx_sdk_7_10_00_13/source\ti/drivers/lib/gcc/m4/drivers_cc32xx.a(I2CCC32XX.c.obj)
                0x20006140                I2CSupport_primeTransfer
 .text.I2CSupport_controllerFinish
                0x200061b0        0x8 D:/EmbeddecSystemsStuff/ticcs1230/simplelink_cc32xx_sdk_7_10_00_13/source\ti/drivers/lib/gcc/m4/drivers_cc32xx.a(I2CCC32XX.c.obj)
                0x200061b0                I2CSupport_controllerFinish
 .text.I2CSupport_powerRelConstraint
                0x200061b8        0x8 D:/EmbeddecSystemsStuff/ticcs1230/simplelink_cc32xx_sdk_7_10_00_13/source\ti/drivers/lib/gcc/m4/drivers_cc32xx.a(I2CCC32XX.c.obj)
                0x200061b8                I2CSupport_powerRelConstraint
 .text.I2CSupport_powerSetConstraint
                0x200061c0        0x8 D:/EmbeddecSystemsStuff/ticcs1230/simplelink_cc32xx_sdk_7_10_00_13/source\ti/drivers/lib/gcc/m4/drivers_cc32xx.a(I2CCC32XX.c.obj)
                0x200061c0                I2CSupport_powerSetConstraint
 .text.I2C_open
                0x200061c8      0x10c D:/EmbeddecSystemsStuff/ticcs1230/simplelink_cc32xx_sdk_7_10_00_13/source\ti/drivers/lib/gcc/m4/drivers_cc32xx.a(I2CCC32XX.c.obj)
                0x200061c8                I2C_open
 .text.Power_disablePolicy
                0x200062d4       0x14 D:/EmbeddecSystemsStuff/ticcs1230/simplelink_cc32xx_sdk_7_10_00_13/source\ti/drivers/lib/gcc/m4/drivers_cc32xx.a(PowerCC32XX.c.obj)
                0x200062d4                Power_disablePolicy
 .text.Power_enablePolicy
                0x200062e8       0x10 D:/EmbeddecSystemsStuff/ticcs1230/simplelink_cc32xx_sdk_7_10_00_13/source\ti/drivers/lib/gcc/m4/drivers_cc32xx.a(PowerCC32XX.c.obj)
                0x200062e8                Power_enablePolicy
 .text.Power_getConstraintMask
                0x200062f8        0xc D:/EmbeddecSystemsStuff/ticcs1230/simplelink_cc32xx_sdk_7_10_00_13/source\ti/drivers/lib/gcc/m4/drivers_cc32xx.a(PowerCC32XX.c.obj)
                0x200062f8                Power_getConstraintMask
 .text.Power_getTransitionLatency
                0x20006304       0x14 D:/EmbeddecSystemsStuff/ticcs1230/simplelink_cc32xx_sdk_7_10_00_13/source\ti/drivers/lib/gcc/m4/drivers_cc32xx.a(PowerCC32XX.c.obj)
                0x20006304                Power_getTransitionLatency
 .text.Power_idleFunc
                0x20006318       0x14 D:/EmbeddecSystemsStuff/ticcs1230/simplelink_cc32xx_sdk_7_10_00_13/source\ti/drivers/lib/gcc/m4/drivers_cc32xx.a(PowerCC32XX.c.obj)
                0x20006318                Power_idleFunc
 .text.Power_init
                0x2000632c       0xd8 D:/EmbeddecSystemsStuff/ticcs1230/simplelink_cc32xx_sdk_7_10_00_13/source\ti/drivers/lib/gcc/m4/drivers_cc32xx.a(PowerCC32XX.c.obj)
                0x2000632c                Power_init
 .text.Power_registerNotify
                0x20006404       0x24 D:/EmbeddecSystemsStuff/ticcs1230/simplelink_cc32xx_sdk_7_10_00_13/source\ti/drivers/lib/gcc/m4/drivers_cc32xx.a(PowerCC32XX.c.obj)
                0x20006404                Power_registerNotify
 .text.Power_releaseConstraint
                0x20006428       0x4c D:/EmbeddecSystemsStuff/ticcs1230/simplelink_cc32xx_sdk_7_10_00_13/source\ti/drivers/lib/gcc/m4/drivers_cc32xx.a(PowerCC32XX.c.obj)
                0x20006428                Power_releaseConstraint
 .text.Power_releaseDependency
                0x20006474       0x54 D:/EmbeddecSystemsStuff/ticcs1230/simplelink_cc32xx_sdk_7_10_00_13/source\ti/drivers/lib/gcc/m4/drivers_cc32xx.a(PowerCC32XX.c.obj)
                0x20006474                Power_releaseDependency
 .text.Power_setConstraint
                0x200064c8       0x38 D:/EmbeddecSystemsStuff/ticcs1230/simplelink_cc32xx_sdk_7_10_00_13/source\ti/drivers/lib/gcc/m4/drivers_cc32xx.a(PowerCC32XX.c.obj)
                0x200064c8                Power_setConstraint
 .text.Power_setDependency
                0x20006500       0x78 D:/EmbeddecSystemsStuff/ticcs1230/simplelink_cc32xx_sdk_7_10_00_13/source\ti/drivers/lib/gcc/m4/drivers_cc32xx.a(PowerCC32XX.c.obj)
                0x20006500                Power_setDependency
 .text.Power_sleep
                0x20006578      0x554 D:/EmbeddecSystemsStuff/ticcs1230/simplelink_cc32xx_sdk_7_10_00_13/source\ti/drivers/lib/gcc/m4/drivers_cc32xx.a(PowerCC32XX.c.obj)
                0x20006578                Power_sleep
 .text.Power_unregisterNotify
                0x20006acc       0x20 D:/EmbeddecSystemsStuff/ticcs1230/simplelink_cc32xx_sdk_7_10_00_13/source\ti/drivers/lib/gcc/m4/drivers_cc32xx.a(PowerCC32XX.c.obj)
                0x20006acc                Power_unregisterNotify
 .text.PowerCC32XX_getParkState
                0x20006aec       0x38 D:/EmbeddecSystemsStuff/ticcs1230/simplelink_cc32xx_sdk_7_10_00_13/source\ti/drivers/lib/gcc/m4/drivers_cc32xx.a(PowerCC32XX.c.obj)
                0x20006aec                PowerCC32XX_getParkState
 .text.PowerCC32XX_restoreParkState
                0x20006b24       0x30 D:/EmbeddecSystemsStuff/ticcs1230/simplelink_cc32xx_sdk_7_10_00_13/source\ti/drivers/lib/gcc/m4/drivers_cc32xx.a(PowerCC32XX.c.obj)
                0x20006b24                PowerCC32XX_restoreParkState
 .text.PowerCC32XX_setParkState
                0x20006b54       0x64 D:/EmbeddecSystemsStuff/ticcs1230/simplelink_cc32xx_sdk_7_10_00_13/source\ti/drivers/lib/gcc/m4/drivers_cc32xx.a(PowerCC32XX.c.obj)
                0x20006b54                PowerCC32XX_setParkState
 .text.PowerCC32XX_reset
                0x20006bb8       0x20 D:/EmbeddecSystemsStuff/ticcs1230/simplelink_cc32xx_sdk_7_10_00_13/source\ti/drivers/lib/gcc/m4/drivers_cc32xx.a(PowerCC32XX.c.obj)
                0x20006bb8                PowerCC32XX_reset
 .text.Timer_init
                0x20006bd8        0x4 D:/EmbeddecSystemsStuff/ticcs1230/simplelink_cc32xx_sdk_7_10_00_13/source\ti/drivers/lib/gcc/m4/drivers_cc32xx.a(Timer.c.obj)
                0x20006bd8                Timer_init
 .text.Timer_Params_init
                0x20006bdc       0x10 D:/EmbeddecSystemsStuff/ticcs1230/simplelink_cc32xx_sdk_7_10_00_13/source\ti/drivers/lib/gcc/m4/drivers_cc32xx.a(Timer.c.obj)
                0x20006bdc                Timer_Params_init
 .text.Timer_start
                0x20006bec       0x48 D:/EmbeddecSystemsStuff/ticcs1230/simplelink_cc32xx_sdk_7_10_00_13/source\ti/drivers/lib/gcc/m4/drivers_cc32xx.a(Timer.c.obj)
                0x20006bec                Timer_start
 .text.Timer_stop
                0x20006c34       0x44 D:/EmbeddecSystemsStuff/ticcs1230/simplelink_cc32xx_sdk_7_10_00_13/source\ti/drivers/lib/gcc/m4/drivers_cc32xx.a(Timer.c.obj)
                0x20006c34                Timer_stop
 .text.TimerCC32XX_hwiIntFunction
                0x20006c78       0x38 D:/EmbeddecSystemsStuff/ticcs1230/simplelink_cc32xx_sdk_7_10_00_13/source\ti/drivers/lib/gcc/m4/drivers_cc32xx.a(TimerCC32XX.c.obj)
 .text.postNotifyFxn
                0x20006cb0       0x58 D:/EmbeddecSystemsStuff/ticcs1230/simplelink_cc32xx_sdk_7_10_00_13/source\ti/drivers/lib/gcc/m4/drivers_cc32xx.a(TimerCC32XX.c.obj)
 .text.Timer_close
                0x20006d08       0xb4 D:/EmbeddecSystemsStuff/ticcs1230/simplelink_cc32xx_sdk_7_10_00_13/source\ti/drivers/lib/gcc/m4/drivers_cc32xx.a(TimerCC32XX.c.obj)
                0x20006d08                Timer_close
 .text.Timer_open
                0x20006dbc      0x284 D:/EmbeddecSystemsStuff/ticcs1230/simplelink_cc32xx_sdk_7_10_00_13/source\ti/drivers/lib/gcc/m4/drivers_cc32xx.a(TimerCC32XX.c.obj)
                0x20006dbc                Timer_open
 .text.TimerSupport_timerDisable
                0x20007040       0x28 D:/EmbeddecSystemsStuff/ticcs1230/simplelink_cc32xx_sdk_7_10_00_13/source\ti/drivers/lib/gcc/m4/drivers_cc32xx.a(TimerCC32XX.c.obj)
                0x20007040                TimerSupport_timerDisable
 .text.TimerSupport_timerEnable
                0x20007068       0x50 D:/EmbeddecSystemsStuff/ticcs1230/simplelink_cc32xx_sdk_7_10_00_13/source\ti/drivers/lib/gcc/m4/drivers_cc32xx.a(TimerCC32XX.c.obj)
                0x20007068                TimerSupport_timerEnable
 .text.UART2_Params_init
                0x200070b8       0x1c D:/EmbeddecSystemsStuff/ticcs1230/simplelink_cc32xx_sdk_7_10_00_13/source\ti/drivers/lib/gcc/m4/drivers_cc32xx.a(UART2.c.obj)
                0x200070b8                UART2_Params_init
 .text.UART2_rxDisable
                0x200070d4       0x40 D:/EmbeddecSystemsStuff/ticcs1230/simplelink_cc32xx_sdk_7_10_00_13/source\ti/drivers/lib/gcc/m4/drivers_cc32xx.a(UART2.c.obj)
                0x200070d4                UART2_rxDisable
 .text.UART2_writeTimeoutBlocking
                0x20007114      0x174 D:/EmbeddecSystemsStuff/ticcs1230/simplelink_cc32xx_sdk_7_10_00_13/source\ti/drivers/lib/gcc/m4/drivers_cc32xx.a(UART2.c.obj)
                0x20007114                UART2_writeTimeoutBlocking
 .text.UART2_writeTimeoutNonblocking
                0x20007288      0x124 D:/EmbeddecSystemsStuff/ticcs1230/simplelink_cc32xx_sdk_7_10_00_13/source\ti/drivers/lib/gcc/m4/drivers_cc32xx.a(UART2.c.obj)
                0x20007288                UART2_writeTimeoutNonblocking
 .text.UART2_writeTimeout
                0x200073ac       0x18 D:/EmbeddecSystemsStuff/ticcs1230/simplelink_cc32xx_sdk_7_10_00_13/source\ti/drivers/lib/gcc/m4/drivers_cc32xx.a(UART2.c.obj)
                0x200073ac                UART2_writeTimeout
 .text.UART2_write
                0x200073c4       0x14 D:/EmbeddecSystemsStuff/ticcs1230/simplelink_cc32xx_sdk_7_10_00_13/source\ti/drivers/lib/gcc/m4/drivers_cc32xx.a(UART2.c.obj)
                0x200073c4                UART2_write
 .text.UART2CC32XX_eventCallback
                0x200073d8        0x4 D:/EmbeddecSystemsStuff/ticcs1230/simplelink_cc32xx_sdk_7_10_00_13/source\ti/drivers/lib/gcc/m4/drivers_cc32xx.a(UART2CC32XX.c.obj)
 .text.UART2CC32XX_initHw.isra.0
                0x200073dc       0xd4 D:/EmbeddecSystemsStuff/ticcs1230/simplelink_cc32xx_sdk_7_10_00_13/source\ti/drivers/lib/gcc/m4/drivers_cc32xx.a(UART2CC32XX.c.obj)
 .text.UART2CC32XX_postNotifyFxn
                0x200074b0       0x10 D:/EmbeddecSystemsStuff/ticcs1230/simplelink_cc32xx_sdk_7_10_00_13/source\ti/drivers/lib/gcc/m4/drivers_cc32xx.a(UART2CC32XX.c.obj)
 .text.UART2_close
                0x200074c0      0x100 D:/EmbeddecSystemsStuff/ticcs1230/simplelink_cc32xx_sdk_7_10_00_13/source\ti/drivers/lib/gcc/m4/drivers_cc32xx.a(UART2CC32XX.c.obj)
                0x200074c0                UART2_close
 .text.UART2_open
                0x200075c0      0x250 D:/EmbeddecSystemsStuff/ticcs1230/simplelink_cc32xx_sdk_7_10_00_13/source\ti/drivers/lib/gcc/m4/drivers_cc32xx.a(UART2CC32XX.c.obj)
                0x200075c0                UART2_open
 .text.UART2Support_disableRx
                0x20007810       0x24 D:/EmbeddecSystemsStuff/ticcs1230/simplelink_cc32xx_sdk_7_10_00_13/source\ti/drivers/lib/gcc/m4/drivers_cc32xx.a(UART2CC32XX.c.obj)
                0x20007810                UART2Support_disableRx
 .text.UART2Support_disableTx
                0x20007834        0xc D:/EmbeddecSystemsStuff/ticcs1230/simplelink_cc32xx_sdk_7_10_00_13/source\ti/drivers/lib/gcc/m4/drivers_cc32xx.a(UART2CC32XX.c.obj)
                0x20007834                UART2Support_disableTx
 .text.UART2Support_dmaStartTx
                0x20007840       0xbc D:/EmbeddecSystemsStuff/ticcs1230/simplelink_cc32xx_sdk_7_10_00_13/source\ti/drivers/lib/gcc/m4/drivers_cc32xx.a(UART2CC32XX.c.obj)
                0x20007840                UART2Support_dmaStartTx
 .text.UART2Support_dmaStopRx
                0x200078fc       0x50 D:/EmbeddecSystemsStuff/ticcs1230/simplelink_cc32xx_sdk_7_10_00_13/source\ti/drivers/lib/gcc/m4/drivers_cc32xx.a(UART2CC32XX.c.obj)
                0x200078fc                UART2Support_dmaStopRx
 .text.UART2Support_dmaStartRx
                0x2000794c       0xd4 D:/EmbeddecSystemsStuff/ticcs1230/simplelink_cc32xx_sdk_7_10_00_13/source\ti/drivers/lib/gcc/m4/drivers_cc32xx.a(UART2CC32XX.c.obj)
                0x2000794c                UART2Support_dmaStartRx
 .text.UART2Support_dmaStopTx
                0x20007a20       0x64 D:/EmbeddecSystemsStuff/ticcs1230/simplelink_cc32xx_sdk_7_10_00_13/source\ti/drivers/lib/gcc/m4/drivers_cc32xx.a(UART2CC32XX.c.obj)
                0x20007a20                UART2Support_dmaStopTx
 .text.UART2CC32XX_hwiIntFxn
                0x20007a84      0x2d0 D:/EmbeddecSystemsStuff/ticcs1230/simplelink_cc32xx_sdk_7_10_00_13/source\ti/drivers/lib/gcc/m4/drivers_cc32xx.a(UART2CC32XX.c.obj)
 .text.UART2Support_enableTx
                0x20007d54        0xc D:/EmbeddecSystemsStuff/ticcs1230/simplelink_cc32xx_sdk_7_10_00_13/source\ti/drivers/lib/gcc/m4/drivers_cc32xx.a(UART2CC32XX.c.obj)
                0x20007d54                UART2Support_enableTx
 .text.UART2Support_powerRelConstraint
                0x20007d60        0x8 D:/EmbeddecSystemsStuff/ticcs1230/simplelink_cc32xx_sdk_7_10_00_13/source\ti/drivers/lib/gcc/m4/drivers_cc32xx.a(UART2CC32XX.c.obj)
                0x20007d60                UART2Support_powerRelConstraint
 .text.UART2Support_sendData
                0x20007d68       0x2c D:/EmbeddecSystemsStuff/ticcs1230/simplelink_cc32xx_sdk_7_10_00_13/source\ti/drivers/lib/gcc/m4/drivers_cc32xx.a(UART2CC32XX.c.obj)
                0x20007d68                UART2Support_sendData
 .text.UART2Support_txDone
                0x20007d94       0x10 D:/EmbeddecSystemsStuff/ticcs1230/simplelink_cc32xx_sdk_7_10_00_13/source\ti/drivers/lib/gcc/m4/drivers_cc32xx.a(UART2CC32XX.c.obj)
                0x20007d94                UART2Support_txDone
 .text.List_put
                0x20007da4       0x2c D:/EmbeddecSystemsStuff/ticcs1230/simplelink_cc32xx_sdk_7_10_00_13/source\ti/drivers/lib/gcc/m4/drivers_cc32xx.a(List.c.obj)
                0x20007da4                List_put
 .text.List_remove
                0x20007dd0       0x30 D:/EmbeddecSystemsStuff/ticcs1230/simplelink_cc32xx_sdk_7_10_00_13/source\ti/drivers/lib/gcc/m4/drivers_cc32xx.a(List.c.obj)
                0x20007dd0                List_remove
 .text.RingBuf_construct
                0x20007e00       0x14 D:/EmbeddecSystemsStuff/ticcs1230/simplelink_cc32xx_sdk_7_10_00_13/source\ti/drivers/lib/gcc/m4/drivers_cc32xx.a(RingBuf.c.obj)
                0x20007e00                RingBuf_construct
 .text.RingBuf_getConsume
                0x20007e14       0x30 D:/EmbeddecSystemsStuff/ticcs1230/simplelink_cc32xx_sdk_7_10_00_13/source\ti/drivers/lib/gcc/m4/drivers_cc32xx.a(RingBuf.c.obj)
                0x20007e14                RingBuf_getConsume
 .text.RingBuf_getCount
                0x20007e44        0x4 D:/EmbeddecSystemsStuff/ticcs1230/simplelink_cc32xx_sdk_7_10_00_13/source\ti/drivers/lib/gcc/m4/drivers_cc32xx.a(RingBuf.c.obj)
                0x20007e44                RingBuf_getCount
 .text.RingBuf_getPointer
                0x20007e48       0x28 D:/EmbeddecSystemsStuff/ticcs1230/simplelink_cc32xx_sdk_7_10_00_13/source\ti/drivers/lib/gcc/m4/drivers_cc32xx.a(RingBuf.c.obj)
                0x20007e48                RingBuf_getPointer
 .text.RingBuf_put
                0x20007e70       0x48 D:/EmbeddecSystemsStuff/ticcs1230/simplelink_cc32xx_sdk_7_10_00_13/source\ti/drivers/lib/gcc/m4/drivers_cc32xx.a(RingBuf.c.obj)
                0x20007e70                RingBuf_put
 .text.RingBuf_putAdvance
                0x20007eb8       0x3c D:/EmbeddecSystemsStuff/ticcs1230/simplelink_cc32xx_sdk_7_10_00_13/source\ti/drivers/lib/gcc/m4/drivers_cc32xx.a(RingBuf.c.obj)
                0x20007eb8                RingBuf_putAdvance
 .text.RingBuf_putPointer
                0x20007ef4       0x34 D:/EmbeddecSystemsStuff/ticcs1230/simplelink_cc32xx_sdk_7_10_00_13/source\ti/drivers/lib/gcc/m4/drivers_cc32xx.a(RingBuf.c.obj)
                0x20007ef4                RingBuf_putPointer
 .text.postNotifyFxn
                0x20007f28       0x14 D:/EmbeddecSystemsStuff/ticcs1230/simplelink_cc32xx_sdk_7_10_00_13/source\ti/drivers/lib/gcc/m4/drivers_cc32xx.a(UDMACC32XX.c.obj)
 .text.UDMACC32XX_close
                0x20007f3c       0x40 D:/EmbeddecSystemsStuff/ticcs1230/simplelink_cc32xx_sdk_7_10_00_13/source\ti/drivers/lib/gcc/m4/drivers_cc32xx.a(UDMACC32XX.c.obj)
                0x20007f3c                UDMACC32XX_close
 .text.UDMACC32XX_init
                0x20007f7c       0x40 D:/EmbeddecSystemsStuff/ticcs1230/simplelink_cc32xx_sdk_7_10_00_13/source\ti/drivers/lib/gcc/m4/drivers_cc32xx.a(UDMACC32XX.c.obj)
                0x20007f7c                UDMACC32XX_init
 .text.UDMACC32XX_open
                0x20007fbc       0x70 D:/EmbeddecSystemsStuff/ticcs1230/simplelink_cc32xx_sdk_7_10_00_13/source\ti/drivers/lib/gcc/m4/drivers_cc32xx.a(UDMACC32XX.c.obj)
                0x20007fbc                UDMACC32XX_open
 .text.NoRTOS_start
                0x2000802c        0x4 D:/EmbeddecSystemsStuff/ticcs1230/simplelink_cc32xx_sdk_7_10_00_13/kernel/nortos\lib/gcc/m4/nortos_cc32xx.a(NoRTOS.c.obj)
                0x2000802c                NoRTOS_start
 .text.clkFxn   0x20008030        0x4 D:/EmbeddecSystemsStuff/ticcs1230/simplelink_cc32xx_sdk_7_10_00_13/kernel/nortos\lib/gcc/m4/nortos_cc32xx.a(SemaphoreP_nortos.c.obj)
                0x20008030                clkFxn
 .text.SemaphoreP_constructBinary
                0x20008034       0x3c D:/EmbeddecSystemsStuff/ticcs1230/simplelink_cc32xx_sdk_7_10_00_13/kernel/nortos\lib/gcc/m4/nortos_cc32xx.a(SemaphoreP_nortos.c.obj)
                0x20008034                SemaphoreP_constructBinary
 .text.SemaphoreP_createBinary
                0x20008070       0x40 D:/EmbeddecSystemsStuff/ticcs1230/simplelink_cc32xx_sdk_7_10_00_13/kernel/nortos\lib/gcc/m4/nortos_cc32xx.a(SemaphoreP_nortos.c.obj)
                0x20008070                SemaphoreP_createBinary
 .text.SemaphoreP_destruct
                0x200080b0        0x4 D:/EmbeddecSystemsStuff/ticcs1230/simplelink_cc32xx_sdk_7_10_00_13/kernel/nortos\lib/gcc/m4/nortos_cc32xx.a(SemaphoreP_nortos.c.obj)
                0x200080b0                SemaphoreP_destruct
 .text.SemaphoreP_delete
                0x200080b4        0x4 D:/EmbeddecSystemsStuff/ticcs1230/simplelink_cc32xx_sdk_7_10_00_13/kernel/nortos\lib/gcc/m4/nortos_cc32xx.a(SemaphoreP_nortos.c.obj)
                0x200080b4                SemaphoreP_delete
 .text.SemaphoreP_pend
                0x200080b8       0xfc D:/EmbeddecSystemsStuff/ticcs1230/simplelink_cc32xx_sdk_7_10_00_13/kernel/nortos\lib/gcc/m4/nortos_cc32xx.a(SemaphoreP_nortos.c.obj)
                0x200080b8                SemaphoreP_pend
 .text.SemaphoreP_post
                0x200081b4       0x44 D:/EmbeddecSystemsStuff/ticcs1230/simplelink_cc32xx_sdk_7_10_00_13/kernel/nortos\lib/gcc/m4/nortos_cc32xx.a(SemaphoreP_nortos.c.obj)
                0x200081b4                SemaphoreP_post
 .text.ClockP_sysTickHandler
                0x200081f8       0x7c D:/EmbeddecSystemsStuff/ticcs1230/simplelink_cc32xx_sdk_7_10_00_13/kernel/nortos\lib/gcc/m4/nortos_cc32xx.a(ClockPSysTick_nortos.c.obj)
                0x200081f8                ClockP_sysTickHandler
 .text.ClockP_add
                0x20008274       0x14 D:/EmbeddecSystemsStuff/ticcs1230/simplelink_cc32xx_sdk_7_10_00_13/kernel/nortos\lib/gcc/m4/nortos_cc32xx.a(ClockPSysTick_nortos.c.obj)
                0x20008274                ClockP_add
 .text.ClockP_destruct
                0x20008288       0x44 D:/EmbeddecSystemsStuff/ticcs1230/simplelink_cc32xx_sdk_7_10_00_13/kernel/nortos\lib/gcc/m4/nortos_cc32xx.a(ClockPSysTick_nortos.c.obj)
                0x20008288                ClockP_destruct
 .text.ClockP_doTick
                0x200082cc        0x4 D:/EmbeddecSystemsStuff/ticcs1230/simplelink_cc32xx_sdk_7_10_00_13/kernel/nortos\lib/gcc/m4/nortos_cc32xx.a(ClockPSysTick_nortos.c.obj)
                0x200082cc                ClockP_doTick
 .text.ClockP_getCpuFreq
                0x200082d0       0x10 D:/EmbeddecSystemsStuff/ticcs1230/simplelink_cc32xx_sdk_7_10_00_13/kernel/nortos\lib/gcc/m4/nortos_cc32xx.a(ClockPSysTick_nortos.c.obj)
                0x200082d0                ClockP_getCpuFreq
 .text.ClockP_getSystemTicks
                0x200082e0       0x70 D:/EmbeddecSystemsStuff/ticcs1230/simplelink_cc32xx_sdk_7_10_00_13/kernel/nortos\lib/gcc/m4/nortos_cc32xx.a(ClockPSysTick_nortos.c.obj)
                0x200082e0                ClockP_getSystemTicks
 .text.ClockP_getTicksUntilInterrupt
                0x20008350       0x40 D:/EmbeddecSystemsStuff/ticcs1230/simplelink_cc32xx_sdk_7_10_00_13/kernel/nortos\lib/gcc/m4/nortos_cc32xx.a(ClockPSysTick_nortos.c.obj)
                0x20008350                ClockP_getTicksUntilInterrupt
 .text.ClockP_isActive
                0x20008390        0xc D:/EmbeddecSystemsStuff/ticcs1230/simplelink_cc32xx_sdk_7_10_00_13/kernel/nortos\lib/gcc/m4/nortos_cc32xx.a(ClockPSysTick_nortos.c.obj)
                0x20008390                ClockP_isActive
 .text.ClockP_setTicks
                0x2000839c       0x10 D:/EmbeddecSystemsStuff/ticcs1230/simplelink_cc32xx_sdk_7_10_00_13/kernel/nortos\lib/gcc/m4/nortos_cc32xx.a(ClockPSysTick_nortos.c.obj)
                0x2000839c                ClockP_setTicks
 .text.ClockP_start
                0x200083ac       0xa8 D:/EmbeddecSystemsStuff/ticcs1230/simplelink_cc32xx_sdk_7_10_00_13/kernel/nortos\lib/gcc/m4/nortos_cc32xx.a(ClockPSysTick_nortos.c.obj)
                0x200083ac                ClockP_start
 .text.ClockP_startup
                0x20008454       0x68 D:/EmbeddecSystemsStuff/ticcs1230/simplelink_cc32xx_sdk_7_10_00_13/kernel/nortos\lib/gcc/m4/nortos_cc32xx.a(ClockPSysTick_nortos.c.obj)
                0x20008454                ClockP_startup
 .text.HwiP_dispatch
                0x200084bc       0x1c D:/EmbeddecSystemsStuff/ticcs1230/simplelink_cc32xx_sdk_7_10_00_13/kernel/nortos\lib/gcc/m4/nortos_cc32xx.a(HwiPCC32XX_nortos.c.obj)
                0x200084bc                HwiP_dispatch
 .text.HwiP_enable
                0x200084d8        0x4 D:/EmbeddecSystemsStuff/ticcs1230/simplelink_cc32xx_sdk_7_10_00_13/kernel/nortos\lib/gcc/m4/nortos_cc32xx.a(HwiPCC32XX_nortos.c.obj)
                0x200084d8                HwiP_enable
 .text.HwiP_disable
                0x200084dc        0x8 D:/EmbeddecSystemsStuff/ticcs1230/simplelink_cc32xx_sdk_7_10_00_13/kernel/nortos\lib/gcc/m4/nortos_cc32xx.a(HwiPCC32XX_nortos.c.obj)
                0x200084dc                HwiP_disable
 .text.HwiP_restore
                0x200084e4        0x8 D:/EmbeddecSystemsStuff/ticcs1230/simplelink_cc32xx_sdk_7_10_00_13/kernel/nortos\lib/gcc/m4/nortos_cc32xx.a(HwiPCC32XX_nortos.c.obj)
                0x200084e4                HwiP_restore
 .text.HwiP_clearInterrupt
                0x200084ec        0x4 D:/EmbeddecSystemsStuff/ticcs1230/simplelink_cc32xx_sdk_7_10_00_13/kernel/nortos\lib/gcc/m4/nortos_cc32xx.a(HwiPCC32XX_nortos.c.obj)
                0x200084ec                HwiP_clearInterrupt
 .text.HwiP_destruct
                0x200084f0       0x14 D:/EmbeddecSystemsStuff/ticcs1230/simplelink_cc32xx_sdk_7_10_00_13/kernel/nortos\lib/gcc/m4/nortos_cc32xx.a(HwiPCC32XX_nortos.c.obj)
                0x200084f0                HwiP_destruct
 .text.HwiP_delete
                0x20008504       0x1c D:/EmbeddecSystemsStuff/ticcs1230/simplelink_cc32xx_sdk_7_10_00_13/kernel/nortos\lib/gcc/m4/nortos_cc32xx.a(HwiPCC32XX_nortos.c.obj)
                0x20008504                HwiP_delete
 .text.HwiP_disableInterrupt
                0x20008520        0x4 D:/EmbeddecSystemsStuff/ticcs1230/simplelink_cc32xx_sdk_7_10_00_13/kernel/nortos\lib/gcc/m4/nortos_cc32xx.a(HwiPCC32XX_nortos.c.obj)
                0x20008520                HwiP_disableInterrupt
 .text.HwiP_enableInterrupt
                0x20008524        0x4 D:/EmbeddecSystemsStuff/ticcs1230/simplelink_cc32xx_sdk_7_10_00_13/kernel/nortos\lib/gcc/m4/nortos_cc32xx.a(HwiPCC32XX_nortos.c.obj)
                0x20008524                HwiP_enableInterrupt
 .text.HwiP_interruptsEnabled
                0x20008528       0x10 D:/EmbeddecSystemsStuff/ticcs1230/simplelink_cc32xx_sdk_7_10_00_13/kernel/nortos\lib/gcc/m4/nortos_cc32xx.a(HwiPCC32XX_nortos.c.obj)
                0x20008528                HwiP_interruptsEnabled
 .text.HwiP_construct
                0x20008538       0x8c D:/EmbeddecSystemsStuff/ticcs1230/simplelink_cc32xx_sdk_7_10_00_13/kernel/nortos\lib/gcc/m4/nortos_cc32xx.a(HwiPCC32XX_nortos.c.obj)
                0x20008538                HwiP_construct
 .text.HwiP_create
                0x200085c4       0x90 D:/EmbeddecSystemsStuff/ticcs1230/simplelink_cc32xx_sdk_7_10_00_13/kernel/nortos\lib/gcc/m4/nortos_cc32xx.a(HwiPCC32XX_nortos.c.obj)
                0x200085c4                HwiP_create
 .text.HwiP_Params_init
                0x20008654       0x14 D:/EmbeddecSystemsStuff/ticcs1230/simplelink_cc32xx_sdk_7_10_00_13/kernel/nortos\lib/gcc/m4/nortos_cc32xx.a(HwiPCC32XX_nortos.c.obj)
                0x20008654                HwiP_Params_init
 .text.HwiP_post
                0x20008668        0x4 D:/EmbeddecSystemsStuff/ticcs1230/simplelink_cc32xx_sdk_7_10_00_13/kernel/nortos\lib/gcc/m4/nortos_cc32xx.a(HwiPCC32XX_nortos.c.obj)
                0x20008668                HwiP_post
 .text.HwiP_inISR
                0x2000866c       0x10 D:/EmbeddecSystemsStuff/ticcs1230/simplelink_cc32xx_sdk_7_10_00_13/kernel/nortos\lib/gcc/m4/nortos_cc32xx.a(HwiPCC32XX_nortos.c.obj)
                0x2000866c                HwiP_inISR
 .text.PowerCC32XX_initPolicy
                0x2000867c        0x4 D:/EmbeddecSystemsStuff/ticcs1230/simplelink_cc32xx_sdk_7_10_00_13/kernel/nortos\lib/gcc/m4/nortos_cc32xx.a(PowerCC32XX_nortos.c.obj)
                0x2000867c                PowerCC32XX_initPolicy
 .text.PowerCC32XX_sleepPolicy
                0x20008680      0x220 D:/EmbeddecSystemsStuff/ticcs1230/simplelink_cc32xx_sdk_7_10_00_13/kernel/nortos\lib/gcc/m4/nortos_cc32xx.a(PowerCC32XX_nortos.c.obj)
                0x20008680                PowerCC32XX_sleepPolicy
 .text.nmiISR   0x200088a0        0x4 D:/EmbeddecSystemsStuff/ticcs1230/simplelink_cc32xx_sdk_7_10_00_13/kernel/nortos\lib/gcc/m4/nortos_cc32xx.a(startup_cc32xx_gcc.c.obj)
 .text.faultISR
                0x200088a4        0x4 D:/EmbeddecSystemsStuff/ticcs1230/simplelink_cc32xx_sdk_7_10_00_13/kernel/nortos\lib/gcc/m4/nortos_cc32xx.a(startup_cc32xx_gcc.c.obj)
 .text.busFaultHandler
                0x200088a8        0x4 D:/EmbeddecSystemsStuff/ticcs1230/simplelink_cc32xx_sdk_7_10_00_13/kernel/nortos\lib/gcc/m4/nortos_cc32xx.a(startup_cc32xx_gcc.c.obj)
 .text.defaultHandler
                0x200088ac        0x4 D:/EmbeddecSystemsStuff/ticcs1230/simplelink_cc32xx_sdk_7_10_00_13/kernel/nortos\lib/gcc/m4/nortos_cc32xx.a(startup_cc32xx_gcc.c.obj)
 .text.resetISR
                0x200088b0       0x14 D:/EmbeddecSystemsStuff/ticcs1230/simplelink_cc32xx_sdk_7_10_00_13/kernel/nortos\lib/gcc/m4/nortos_cc32xx.a(startup_cc32xx_gcc.c.obj)
                0x200088b0                resetISR
 .text.localProgramStart
                0x200088c4       0xc4 D:/EmbeddecSystemsStuff/ticcs1230/simplelink_cc32xx_sdk_7_10_00_13/kernel/nortos\lib/gcc/m4/nortos_cc32xx.a(startup_cc32xx_gcc.c.obj)
                0x200088c4                localProgramStart
 .text._fini    0x20008988        0x4 D:/EmbeddecSystemsStuff/ticcs1230/simplelink_cc32xx_sdk_7_10_00_13/kernel/nortos\lib/gcc/m4/nortos_cc32xx.a(startup_cc32xx_gcc.c.obj)
                0x20008988                _fini
 .text.SwiP_disable
                0x2000898c       0x1c D:/EmbeddecSystemsStuff/ticcs1230/simplelink_cc32xx_sdk_7_10_00_13/kernel/nortos\lib/gcc/m4/nortos_cc32xx.a(SwiP_nortos.c.obj)
                0x2000898c                SwiP_disable
 .text.SwiP_restore
                0x200089a8       0x48 D:/EmbeddecSystemsStuff/ticcs1230/simplelink_cc32xx_sdk_7_10_00_13/kernel/nortos\lib/gcc/m4/nortos_cc32xx.a(SwiP_nortos.c.obj)
                0x200089a8                SwiP_restore
 .text.CPUcpsid
                0x200089f0       0x16 D:/EmbeddecSystemsStuff/ticcs1230/simplelink_cc32xx_sdk_7_10_00_13/source\ti/devices/cc32xx/driverlib/gcc/Release/driverlib.a(cpu.obj)
                0x200089f0                CPUcpsid
 .text.CPUprimask
                0x20008a06        0xc D:/EmbeddecSystemsStuff/ticcs1230/simplelink_cc32xx_sdk_7_10_00_13/source\ti/devices/cc32xx/driverlib/gcc/Release/driverlib.a(cpu.obj)
                0x20008a06                CPUprimask
 .text.CPUcpsie
                0x20008a12       0x16 D:/EmbeddecSystemsStuff/ticcs1230/simplelink_cc32xx_sdk_7_10_00_13/source\ti/devices/cc32xx/driverlib/gcc/Release/driverlib.a(cpu.obj)
                0x20008a12                CPUcpsie
 .text.CPUwfi   0x20008a28        0xe D:/EmbeddecSystemsStuff/ticcs1230/simplelink_cc32xx_sdk_7_10_00_13/source\ti/devices/cc32xx/driverlib/gcc/Release/driverlib.a(cpu.obj)
                0x20008a28                CPUwfi
 .text.GPIODirModeSet
                0x20008a36       0x46 D:/EmbeddecSystemsStuff/ticcs1230/simplelink_cc32xx_sdk_7_10_00_13/source\ti/devices/cc32xx/driverlib/gcc/Release/driverlib.a(gpio.obj)
                0x20008a36                GPIODirModeSet
 .text.GPIOIntTypeSet
                0x20008a7c       0xa2 D:/EmbeddecSystemsStuff/ticcs1230/simplelink_cc32xx_sdk_7_10_00_13/source\ti/devices/cc32xx/driverlib/gcc/Release/driverlib.a(gpio.obj)
                0x20008a7c                GPIOIntTypeSet
 .text.GPIOIntEnable
                0x20008b1e       0x2a D:/EmbeddecSystemsStuff/ticcs1230/simplelink_cc32xx_sdk_7_10_00_13/source\ti/devices/cc32xx/driverlib/gcc/Release/driverlib.a(gpio.obj)
                0x20008b1e                GPIOIntEnable
 .text.GPIOIntDisable
                0x20008b48       0x2a D:/EmbeddecSystemsStuff/ticcs1230/simplelink_cc32xx_sdk_7_10_00_13/source\ti/devices/cc32xx/driverlib/gcc/Release/driverlib.a(gpio.obj)
                0x20008b48                GPIOIntDisable
 .text.GPIOIntStatus
                0x20008b72       0x2e D:/EmbeddecSystemsStuff/ticcs1230/simplelink_cc32xx_sdk_7_10_00_13/source\ti/devices/cc32xx/driverlib/gcc/Release/driverlib.a(gpio.obj)
                0x20008b72                GPIOIntStatus
 .text.GPIOIntClear
                0x20008ba0       0x20 D:/EmbeddecSystemsStuff/ticcs1230/simplelink_cc32xx_sdk_7_10_00_13/source\ti/devices/cc32xx/driverlib/gcc/Release/driverlib.a(gpio.obj)
                0x20008ba0                GPIOIntClear
 .text.GPIOPinWrite
                0x20008bc0       0x2a D:/EmbeddecSystemsStuff/ticcs1230/simplelink_cc32xx_sdk_7_10_00_13/source\ti/devices/cc32xx/driverlib/gcc/Release/driverlib.a(gpio.obj)
                0x20008bc0                GPIOPinWrite
 *fill*         0x20008bea        0x2 
 .text.I2CMasterInitExpClk
                0x20008bec       0x9c D:/EmbeddecSystemsStuff/ticcs1230/simplelink_cc32xx_sdk_7_10_00_13/source\ti/devices/cc32xx/driverlib/gcc/Release/driverlib.a(i2c.obj)
                0x20008bec                I2CMasterInitExpClk
 .text.I2CMasterEnable
                0x20008c88       0x22 D:/EmbeddecSystemsStuff/ticcs1230/simplelink_cc32xx_sdk_7_10_00_13/source\ti/devices/cc32xx/driverlib/gcc/Release/driverlib.a(i2c.obj)
                0x20008c88                I2CMasterEnable
 .text.I2CMasterDisable
                0x20008caa       0x22 D:/EmbeddecSystemsStuff/ticcs1230/simplelink_cc32xx_sdk_7_10_00_13/source\ti/devices/cc32xx/driverlib/gcc/Release/driverlib.a(i2c.obj)
                0x20008caa                I2CMasterDisable
 .text.I2CMasterIntEnableEx
                0x20008ccc       0x26 D:/EmbeddecSystemsStuff/ticcs1230/simplelink_cc32xx_sdk_7_10_00_13/source\ti/devices/cc32xx/driverlib/gcc/Release/driverlib.a(i2c.obj)
                0x20008ccc                I2CMasterIntEnableEx
 .text.I2CMasterIntDisableEx
                0x20008cf2       0x26 D:/EmbeddecSystemsStuff/ticcs1230/simplelink_cc32xx_sdk_7_10_00_13/source\ti/devices/cc32xx/driverlib/gcc/Release/driverlib.a(i2c.obj)
                0x20008cf2                I2CMasterIntDisableEx
 .text.I2CMasterIntStatusEx
                0x20008d18       0x2a D:/EmbeddecSystemsStuff/ticcs1230/simplelink_cc32xx_sdk_7_10_00_13/source\ti/devices/cc32xx/driverlib/gcc/Release/driverlib.a(i2c.obj)
                0x20008d18                I2CMasterIntStatusEx
 .text.I2CMasterIntClearEx
                0x20008d42       0x1e D:/EmbeddecSystemsStuff/ticcs1230/simplelink_cc32xx_sdk_7_10_00_13/source\ti/devices/cc32xx/driverlib/gcc/Release/driverlib.a(i2c.obj)
                0x20008d42                I2CMasterIntClearEx
 .text.I2CMasterSlaveAddrSet
                0x20008d60       0x26 D:/EmbeddecSystemsStuff/ticcs1230/simplelink_cc32xx_sdk_7_10_00_13/source\ti/devices/cc32xx/driverlib/gcc/Release/driverlib.a(i2c.obj)
                0x20008d60                I2CMasterSlaveAddrSet
 .text.I2CMasterBusBusy
                0x20008d86       0x26 D:/EmbeddecSystemsStuff/ticcs1230/simplelink_cc32xx_sdk_7_10_00_13/source\ti/devices/cc32xx/driverlib/gcc/Release/driverlib.a(i2c.obj)
                0x20008d86                I2CMasterBusBusy
 .text.I2CMasterControl
                0x20008dac       0x1e D:/EmbeddecSystemsStuff/ticcs1230/simplelink_cc32xx_sdk_7_10_00_13/source\ti/devices/cc32xx/driverlib/gcc/Release/driverlib.a(i2c.obj)
                0x20008dac                I2CMasterControl
 .text.I2CMasterTimeoutSet
                0x20008dca       0x1e D:/EmbeddecSystemsStuff/ticcs1230/simplelink_cc32xx_sdk_7_10_00_13/source\ti/devices/cc32xx/driverlib/gcc/Release/driverlib.a(i2c.obj)
                0x20008dca                I2CMasterTimeoutSet
 .text.I2CTxFIFOConfigSet
                0x20008de8       0x3e D:/EmbeddecSystemsStuff/ticcs1230/simplelink_cc32xx_sdk_7_10_00_13/source\ti/devices/cc32xx/driverlib/gcc/Release/driverlib.a(i2c.obj)
                0x20008de8                I2CTxFIFOConfigSet
 .text.I2CTxFIFOFlush
                0x20008e26       0x26 D:/EmbeddecSystemsStuff/ticcs1230/simplelink_cc32xx_sdk_7_10_00_13/source\ti/devices/cc32xx/driverlib/gcc/Release/driverlib.a(i2c.obj)
                0x20008e26                I2CTxFIFOFlush
 .text.I2CRxFIFOConfigSet
                0x20008e4c       0x3e D:/EmbeddecSystemsStuff/ticcs1230/simplelink_cc32xx_sdk_7_10_00_13/source\ti/devices/cc32xx/driverlib/gcc/Release/driverlib.a(i2c.obj)
                0x20008e4c                I2CRxFIFOConfigSet
 .text.I2CRxFIFOFlush
                0x20008e8a       0x26 D:/EmbeddecSystemsStuff/ticcs1230/simplelink_cc32xx_sdk_7_10_00_13/source\ti/devices/cc32xx/driverlib/gcc/Release/driverlib.a(i2c.obj)
                0x20008e8a                I2CRxFIFOFlush
 .text.I2CFIFOStatus
                0x20008eb0       0x1a D:/EmbeddecSystemsStuff/ticcs1230/simplelink_cc32xx_sdk_7_10_00_13/source\ti/devices/cc32xx/driverlib/gcc/Release/driverlib.a(i2c.obj)
                0x20008eb0                I2CFIFOStatus
 .text.I2CFIFODataPutNonBlocking
                0x20008eca       0x38 D:/EmbeddecSystemsStuff/ticcs1230/simplelink_cc32xx_sdk_7_10_00_13/source\ti/devices/cc32xx/driverlib/gcc/Release/driverlib.a(i2c.obj)
                0x20008eca                I2CFIFODataPutNonBlocking
 .text.I2CFIFODataGetNonBlocking
                0x20008f02       0x38 D:/EmbeddecSystemsStuff/ticcs1230/simplelink_cc32xx_sdk_7_10_00_13/source\ti/devices/cc32xx/driverlib/gcc/Release/driverlib.a(i2c.obj)
                0x20008f02                I2CFIFODataGetNonBlocking
 .text.I2CMasterBurstLengthSet
                0x20008f3a       0x20 D:/EmbeddecSystemsStuff/ticcs1230/simplelink_cc32xx_sdk_7_10_00_13/source\ti/devices/cc32xx/driverlib/gcc/Release/driverlib.a(i2c.obj)
                0x20008f3a                I2CMasterBurstLengthSet
 .text.IntDefaultHandler
                0x20008f5a        0x6 D:/EmbeddecSystemsStuff/ticcs1230/simplelink_cc32xx_sdk_7_10_00_13/source\ti/devices/cc32xx/driverlib/gcc/Release/driverlib.a(interrupt.obj)
 .text.IntMasterEnable
                0x20008f60       0x10 D:/EmbeddecSystemsStuff/ticcs1230/simplelink_cc32xx_sdk_7_10_00_13/source\ti/devices/cc32xx/driverlib/gcc/Release/driverlib.a(interrupt.obj)
                0x20008f60                IntMasterEnable
 .text.IntMasterDisable
                0x20008f70       0x10 D:/EmbeddecSystemsStuff/ticcs1230/simplelink_cc32xx_sdk_7_10_00_13/source\ti/devices/cc32xx/driverlib/gcc/Release/driverlib.a(interrupt.obj)
                0x20008f70                IntMasterDisable
 .text.IntVTableBaseSet
                0x20008f80       0x1c D:/EmbeddecSystemsStuff/ticcs1230/simplelink_cc32xx_sdk_7_10_00_13/source\ti/devices/cc32xx/driverlib/gcc/Release/driverlib.a(interrupt.obj)
                0x20008f80                IntVTableBaseSet
 .text.IntRegister
                0x20008f9c       0x2c D:/EmbeddecSystemsStuff/ticcs1230/simplelink_cc32xx_sdk_7_10_00_13/source\ti/devices/cc32xx/driverlib/gcc/Release/driverlib.a(interrupt.obj)
                0x20008f9c                IntRegister
 .text.IntUnregister
                0x20008fc8       0x2c D:/EmbeddecSystemsStuff/ticcs1230/simplelink_cc32xx_sdk_7_10_00_13/source\ti/devices/cc32xx/driverlib/gcc/Release/driverlib.a(interrupt.obj)
                0x20008fc8                IntUnregister
 .text.IntPrioritySet
                0x20008ff4       0x68 D:/EmbeddecSystemsStuff/ticcs1230/simplelink_cc32xx_sdk_7_10_00_13/source\ti/devices/cc32xx/driverlib/gcc/Release/driverlib.a(interrupt.obj)
                0x20008ff4                IntPrioritySet
 .text.IntEnable
                0x2000905c       0xbc D:/EmbeddecSystemsStuff/ticcs1230/simplelink_cc32xx_sdk_7_10_00_13/source\ti/devices/cc32xx/driverlib/gcc/Release/driverlib.a(interrupt.obj)
                0x2000905c                IntEnable
 .text.IntDisable
                0x20009118       0xbc D:/EmbeddecSystemsStuff/ticcs1230/simplelink_cc32xx_sdk_7_10_00_13/source\ti/devices/cc32xx/driverlib/gcc/Release/driverlib.a(interrupt.obj)
                0x20009118                IntDisable
 .text.IntPendSet
                0x200091d4       0x9c D:/EmbeddecSystemsStuff/ticcs1230/simplelink_cc32xx_sdk_7_10_00_13/source\ti/devices/cc32xx/driverlib/gcc/Release/driverlib.a(interrupt.obj)
                0x200091d4                IntPendSet
 .text.IntPendClear
                0x20009270       0x68 D:/EmbeddecSystemsStuff/ticcs1230/simplelink_cc32xx_sdk_7_10_00_13/source\ti/devices/cc32xx/driverlib/gcc/Release/driverlib.a(interrupt.obj)
                0x20009270                IntPendClear
 .text.PinModeSet
                0x200092d8       0x48 D:/EmbeddecSystemsStuff/ticcs1230/simplelink_cc32xx_sdk_7_10_00_13/source\ti/devices/cc32xx/driverlib/gcc/Release/driverlib.a(pin.obj)
                0x200092d8                PinModeSet
 .text.PinModeGet
                0x20009320       0x3c D:/EmbeddecSystemsStuff/ticcs1230/simplelink_cc32xx_sdk_7_10_00_13/source\ti/devices/cc32xx/driverlib/gcc/Release/driverlib.a(pin.obj)
                0x20009320                PinModeGet
 .text.PinDirModeSet
                0x2000935c       0x44 D:/EmbeddecSystemsStuff/ticcs1230/simplelink_cc32xx_sdk_7_10_00_13/source\ti/devices/cc32xx/driverlib/gcc/Release/driverlib.a(pin.obj)
                0x2000935c                PinDirModeSet
 .text.PinDirModeGet
                0x200093a0       0x3c D:/EmbeddecSystemsStuff/ticcs1230/simplelink_cc32xx_sdk_7_10_00_13/source\ti/devices/cc32xx/driverlib/gcc/Release/driverlib.a(pin.obj)
                0x200093a0                PinDirModeGet
 .text.PinConfigGet
                0x200093dc       0x50 D:/EmbeddecSystemsStuff/ticcs1230/simplelink_cc32xx_sdk_7_10_00_13/source\ti/devices/cc32xx/driverlib/gcc/Release/driverlib.a(pin.obj)
                0x200093dc                PinConfigGet
 .text.PinConfigSet
                0x2000942c       0x9c D:/EmbeddecSystemsStuff/ticcs1230/simplelink_cc32xx_sdk_7_10_00_13/source\ti/devices/cc32xx/driverlib/gcc/Release/driverlib.a(pin.obj)
                0x2000942c                PinConfigSet
 .text.PinTypeUART
                0x200094c8       0x24 D:/EmbeddecSystemsStuff/ticcs1230/simplelink_cc32xx_sdk_7_10_00_13/source\ti/devices/cc32xx/driverlib/gcc/Release/driverlib.a(pin.obj)
                0x200094c8                PinTypeUART
 .text.PinTypeI2C
                0x200094ec       0x26 D:/EmbeddecSystemsStuff/ticcs1230/simplelink_cc32xx_sdk_7_10_00_13/source\ti/devices/cc32xx/driverlib/gcc/Release/driverlib.a(pin.obj)
                0x200094ec                PinTypeI2C
 *fill*         0x20009512        0x2 
 .text.PinLockLevelSet
                0x20009514       0x68 D:/EmbeddecSystemsStuff/ticcs1230/simplelink_cc32xx_sdk_7_10_00_13/source\ti/devices/cc32xx/driverlib/gcc/Release/driverlib.a(pin.obj)
                0x20009514                PinLockLevelSet
 .text.PinLock  0x2000957c       0x40 D:/EmbeddecSystemsStuff/ticcs1230/simplelink_cc32xx_sdk_7_10_00_13/source\ti/devices/cc32xx/driverlib/gcc/Release/driverlib.a(pin.obj)
                0x2000957c                PinLock
 .text.PinUnlock
                0x200095bc       0x2c D:/EmbeddecSystemsStuff/ticcs1230/simplelink_cc32xx_sdk_7_10_00_13/source\ti/devices/cc32xx/driverlib/gcc/Release/driverlib.a(pin.obj)
                0x200095bc                PinUnlock
 .text.PinToPadGet
                0x200095e8       0x24 D:/EmbeddecSystemsStuff/ticcs1230/simplelink_cc32xx_sdk_7_10_00_13/source\ti/devices/cc32xx/driverlib/gcc/Release/driverlib.a(pin.obj)
                0x200095e8                PinToPadGet
 .text.PRCMSysResetCauseGet
                0x2000960c       0x78 D:/EmbeddecSystemsStuff/ticcs1230/simplelink_cc32xx_sdk_7_10_00_13/source\ti/devices/cc32xx/driverlib/gcc/Release/driverlib.a(prcm.obj)
                0x2000960c                PRCMSysResetCauseGet
 .text.PRCMPeripheralClkEnable
                0x20009684       0x6c D:/EmbeddecSystemsStuff/ticcs1230/simplelink_cc32xx_sdk_7_10_00_13/source\ti/devices/cc32xx/driverlib/gcc/Release/driverlib.a(prcm.obj)
                0x20009684                PRCMPeripheralClkEnable
 .text.PRCMPeripheralClkDisable
                0x200096f0       0x48 D:/EmbeddecSystemsStuff/ticcs1230/simplelink_cc32xx_sdk_7_10_00_13/source\ti/devices/cc32xx/driverlib/gcc/Release/driverlib.a(prcm.obj)
                0x200096f0                PRCMPeripheralClkDisable
 .text.PRCMPeripheralReset
                0x20009738       0x8c D:/EmbeddecSystemsStuff/ticcs1230/simplelink_cc32xx_sdk_7_10_00_13/source\ti/devices/cc32xx/driverlib/gcc/Release/driverlib.a(prcm.obj)
                0x20009738                PRCMPeripheralReset
 .text.PRCMPeripheralStatusGet
                0x200097c4       0x40 D:/EmbeddecSystemsStuff/ticcs1230/simplelink_cc32xx_sdk_7_10_00_13/source\ti/devices/cc32xx/driverlib/gcc/Release/driverlib.a(prcm.obj)
                0x200097c4                PRCMPeripheralStatusGet
 .text.PRCMLPDSRestoreInfoSet
                0x20009804       0x50 D:/EmbeddecSystemsStuff/ticcs1230/simplelink_cc32xx_sdk_7_10_00_13/source\ti/devices/cc32xx/driverlib/gcc/Release/driverlib.a(prcm.obj)
                0x20009804                PRCMLPDSRestoreInfoSet
 .text.PRCMLPDSEnter
                0x20009854       0x50 D:/EmbeddecSystemsStuff/ticcs1230/simplelink_cc32xx_sdk_7_10_00_13/source\ti/devices/cc32xx/driverlib/gcc/Release/driverlib.a(prcm.obj)
                0x20009854                PRCMLPDSEnter
 .text.PRCMLPDSEnterKeepDebugIf
                0x200098a4       0x40 D:/EmbeddecSystemsStuff/ticcs1230/simplelink_cc32xx_sdk_7_10_00_13/source\ti/devices/cc32xx/driverlib/gcc/Release/driverlib.a(prcm.obj)
                0x200098a4                PRCMLPDSEnterKeepDebugIf
 .text.PRCMLPDSWakeupSourceEnable
                0x200098e4       0x30 D:/EmbeddecSystemsStuff/ticcs1230/simplelink_cc32xx_sdk_7_10_00_13/source\ti/devices/cc32xx/driverlib/gcc/Release/driverlib.a(prcm.obj)
                0x200098e4                PRCMLPDSWakeupSourceEnable
 .text.PRCMLPDSWakeupSourceDisable
                0x20009914       0x24 D:/EmbeddecSystemsStuff/ticcs1230/simplelink_cc32xx_sdk_7_10_00_13/source\ti/devices/cc32xx/driverlib/gcc/Release/driverlib.a(prcm.obj)
                0x20009914                PRCMLPDSWakeupSourceDisable
 .text.PRCMLPDSWakeupCauseGet
                0x20009938       0x14 D:/EmbeddecSystemsStuff/ticcs1230/simplelink_cc32xx_sdk_7_10_00_13/source\ti/devices/cc32xx/driverlib/gcc/Release/driverlib.a(prcm.obj)
                0x20009938                PRCMLPDSWakeupCauseGet
 .text.PRCMLPDSIntervalSet
                0x2000994c       0x34 D:/EmbeddecSystemsStuff/ticcs1230/simplelink_cc32xx_sdk_7_10_00_13/source\ti/devices/cc32xx/driverlib/gcc/Release/driverlib.a(prcm.obj)
                0x2000994c                PRCMLPDSIntervalSet
 .text.PRCMLPDSWakeUpGPIOSelect
                0x20009980       0x2c D:/EmbeddecSystemsStuff/ticcs1230/simplelink_cc32xx_sdk_7_10_00_13/source\ti/devices/cc32xx/driverlib/gcc/Release/driverlib.a(prcm.obj)
                0x20009980                PRCMLPDSWakeUpGPIOSelect
 .text.PRCMSleepEnter
                0x200099ac        0xc D:/EmbeddecSystemsStuff/ticcs1230/simplelink_cc32xx_sdk_7_10_00_13/source\ti/devices/cc32xx/driverlib/gcc/Release/driverlib.a(prcm.obj)
                0x200099ac                PRCMSleepEnter
 .text.PRCMSRAMRetentionEnable
                0x200099b8       0x2c D:/EmbeddecSystemsStuff/ticcs1230/simplelink_cc32xx_sdk_7_10_00_13/source\ti/devices/cc32xx/driverlib/gcc/Release/driverlib.a(prcm.obj)
                0x200099b8                PRCMSRAMRetentionEnable
 .text.PRCMHibernateWakeupSourceEnable
                0x200099e4       0x50 D:/EmbeddecSystemsStuff/ticcs1230/simplelink_cc32xx_sdk_7_10_00_13/source\ti/devices/cc32xx/driverlib/gcc/Release/driverlib.a(prcm.obj)
                0x200099e4                PRCMHibernateWakeupSourceEnable
 .text.PRCMHibernateWakeupSourceDisable
                0x20009a34       0x54 D:/EmbeddecSystemsStuff/ticcs1230/simplelink_cc32xx_sdk_7_10_00_13/source\ti/devices/cc32xx/driverlib/gcc/Release/driverlib.a(prcm.obj)
                0x20009a34                PRCMHibernateWakeupSourceDisable
 .text.PRCMHibernateWakeUpGPIOSelect
                0x20009a88       0x74 D:/EmbeddecSystemsStuff/ticcs1230/simplelink_cc32xx_sdk_7_10_00_13/source\ti/devices/cc32xx/driverlib/gcc/Release/driverlib.a(prcm.obj)
                0x20009a88                PRCMHibernateWakeUpGPIOSelect
 .text.PRCMSlowClkCtrFastGet
                0x20009afc       0x5c D:/EmbeddecSystemsStuff/ticcs1230/simplelink_cc32xx_sdk_7_10_00_13/source\ti/devices/cc32xx/driverlib/gcc/Release/driverlib.a(prcm.obj)
                0x20009afc                PRCMSlowClkCtrFastGet
 .text.PRCMIntEnable
                0x20009b58       0x48 D:/EmbeddecSystemsStuff/ticcs1230/simplelink_cc32xx_sdk_7_10_00_13/source\ti/devices/cc32xx/driverlib/gcc/Release/driverlib.a(prcm.obj)
                0x20009b58                PRCMIntEnable
 .text.PRCMCC3200MCUInit
                0x20009ba0      0x478 D:/EmbeddecSystemsStuff/ticcs1230/simplelink_cc32xx_sdk_7_10_00_13/source\ti/devices/cc32xx/driverlib/gcc/Release/driverlib.a(prcm.obj)
                0x20009ba0                PRCMCC3200MCUInit
 .text.PRCMHIBRegRead
                0x2000a018       0x20 D:/EmbeddecSystemsStuff/ticcs1230/simplelink_cc32xx_sdk_7_10_00_13/source\ti/devices/cc32xx/driverlib/gcc/Release/driverlib.a(prcm.obj)
                0x2000a018                PRCMHIBRegRead
 .text.PRCMHIBRegWrite
                0x2000a038       0x20 D:/EmbeddecSystemsStuff/ticcs1230/simplelink_cc32xx_sdk_7_10_00_13/source\ti/devices/cc32xx/driverlib/gcc/Release/driverlib.a(prcm.obj)
                0x2000a038                PRCMHIBRegWrite
 .text.SysTickEnable
                0x2000a058       0x1c D:/EmbeddecSystemsStuff/ticcs1230/simplelink_cc32xx_sdk_7_10_00_13/source\ti/devices/cc32xx/driverlib/gcc/Release/driverlib.a(systick.obj)
                0x2000a058                SysTickEnable
 .text.SysTickIntEnable
                0x2000a074       0x1c D:/EmbeddecSystemsStuff/ticcs1230/simplelink_cc32xx_sdk_7_10_00_13/source\ti/devices/cc32xx/driverlib/gcc/Release/driverlib.a(systick.obj)
                0x2000a074                SysTickIntEnable
 .text.SysTickIntDisable
                0x2000a090       0x1c D:/EmbeddecSystemsStuff/ticcs1230/simplelink_cc32xx_sdk_7_10_00_13/source\ti/devices/cc32xx/driverlib/gcc/Release/driverlib.a(systick.obj)
                0x2000a090                SysTickIntDisable
 .text.SysTickPeriodSet
                0x2000a0ac       0x20 D:/EmbeddecSystemsStuff/ticcs1230/simplelink_cc32xx_sdk_7_10_00_13/source\ti/devices/cc32xx/driverlib/gcc/Release/driverlib.a(systick.obj)
                0x2000a0ac                SysTickPeriodSet
 .text.TimerEnable
                0x2000a0cc       0x2a D:/EmbeddecSystemsStuff/ticcs1230/simplelink_cc32xx_sdk_7_10_00_13/source\ti/devices/cc32xx/driverlib/gcc/Release/driverlib.a(timer.obj)
                0x2000a0cc                TimerEnable
 .text.TimerDisable
                0x2000a0f6       0x2c D:/EmbeddecSystemsStuff/ticcs1230/simplelink_cc32xx_sdk_7_10_00_13/source\ti/devices/cc32xx/driverlib/gcc/Release/driverlib.a(timer.obj)
                0x2000a0f6                TimerDisable
 .text.TimerControlStall
                0x2000a122       0x46 D:/EmbeddecSystemsStuff/ticcs1230/simplelink_cc32xx_sdk_7_10_00_13/source\ti/devices/cc32xx/driverlib/gcc/Release/driverlib.a(timer.obj)
                0x2000a122                TimerControlStall
 .text.TimerPrescaleSet
                0x2000a168       0x3c D:/EmbeddecSystemsStuff/ticcs1230/simplelink_cc32xx_sdk_7_10_00_13/source\ti/devices/cc32xx/driverlib/gcc/Release/driverlib.a(timer.obj)
                0x2000a168                TimerPrescaleSet
 .text.TimerLoadSet
                0x2000a1a4       0x3c D:/EmbeddecSystemsStuff/ticcs1230/simplelink_cc32xx_sdk_7_10_00_13/source\ti/devices/cc32xx/driverlib/gcc/Release/driverlib.a(timer.obj)
                0x2000a1a4                TimerLoadSet
 .text.TimerIntEnable
                0x2000a1e0       0x26 D:/EmbeddecSystemsStuff/ticcs1230/simplelink_cc32xx_sdk_7_10_00_13/source\ti/devices/cc32xx/driverlib/gcc/Release/driverlib.a(timer.obj)
                0x2000a1e0                TimerIntEnable
 .text.TimerIntDisable
                0x2000a206       0x26 D:/EmbeddecSystemsStuff/ticcs1230/simplelink_cc32xx_sdk_7_10_00_13/source\ti/devices/cc32xx/driverlib/gcc/Release/driverlib.a(timer.obj)
                0x2000a206                TimerIntDisable
 .text.TimerIntClear
                0x2000a22c       0x1e D:/EmbeddecSystemsStuff/ticcs1230/simplelink_cc32xx_sdk_7_10_00_13/source\ti/devices/cc32xx/driverlib/gcc/Release/driverlib.a(timer.obj)
                0x2000a22c                TimerIntClear
 .text.UARTFIFOLevelSet
                0x2000a24a       0x24 D:/EmbeddecSystemsStuff/ticcs1230/simplelink_cc32xx_sdk_7_10_00_13/source\ti/devices/cc32xx/driverlib/gcc/Release/driverlib.a(uart.obj)
                0x2000a24a                UARTFIFOLevelSet
 .text.UARTConfigSetExpClk
                0x2000a26e       0x92 D:/EmbeddecSystemsStuff/ticcs1230/simplelink_cc32xx_sdk_7_10_00_13/source\ti/devices/cc32xx/driverlib/gcc/Release/driverlib.a(uart.obj)
                0x2000a26e                UARTConfigSetExpClk
 .text.UARTEnable
                0x2000a300       0x36 D:/EmbeddecSystemsStuff/ticcs1230/simplelink_cc32xx_sdk_7_10_00_13/source\ti/devices/cc32xx/driverlib/gcc/Release/driverlib.a(uart.obj)
                0x2000a300                UARTEnable
 .text.UARTDisable
                0x2000a336       0x46 D:/EmbeddecSystemsStuff/ticcs1230/simplelink_cc32xx_sdk_7_10_00_13/source\ti/devices/cc32xx/driverlib/gcc/Release/driverlib.a(uart.obj)
                0x2000a336                UARTDisable
 .text.UARTFlowControlSet
                0x2000a37c       0x2a D:/EmbeddecSystemsStuff/ticcs1230/simplelink_cc32xx_sdk_7_10_00_13/source\ti/devices/cc32xx/driverlib/gcc/Release/driverlib.a(uart.obj)
                0x2000a37c                UARTFlowControlSet
 .text.UARTCharsAvail
                0x2000a3a6       0x26 D:/EmbeddecSystemsStuff/ticcs1230/simplelink_cc32xx_sdk_7_10_00_13/source\ti/devices/cc32xx/driverlib/gcc/Release/driverlib.a(uart.obj)
                0x2000a3a6                UARTCharsAvail
 .text.UARTCharPutNonBlocking
                0x2000a3cc       0x30 D:/EmbeddecSystemsStuff/ticcs1230/simplelink_cc32xx_sdk_7_10_00_13/source\ti/devices/cc32xx/driverlib/gcc/Release/driverlib.a(uart.obj)
                0x2000a3cc                UARTCharPutNonBlocking
 .text.UARTBusy
                0x2000a3fc       0x26 D:/EmbeddecSystemsStuff/ticcs1230/simplelink_cc32xx_sdk_7_10_00_13/source\ti/devices/cc32xx/driverlib/gcc/Release/driverlib.a(uart.obj)
                0x2000a3fc                UARTBusy
 .text.UARTIntEnable
                0x2000a422       0x26 D:/EmbeddecSystemsStuff/ticcs1230/simplelink_cc32xx_sdk_7_10_00_13/source\ti/devices/cc32xx/driverlib/gcc/Release/driverlib.a(uart.obj)
                0x2000a422                UARTIntEnable
 .text.UARTIntDisable
                0x2000a448       0x26 D:/EmbeddecSystemsStuff/ticcs1230/simplelink_cc32xx_sdk_7_10_00_13/source\ti/devices/cc32xx/driverlib/gcc/Release/driverlib.a(uart.obj)
                0x2000a448                UARTIntDisable
 .text.UARTIntStatus
                0x2000a46e       0x2a D:/EmbeddecSystemsStuff/ticcs1230/simplelink_cc32xx_sdk_7_10_00_13/source\ti/devices/cc32xx/driverlib/gcc/Release/driverlib.a(uart.obj)
                0x2000a46e                UARTIntStatus
 .text.UARTIntClear
                0x2000a498       0x1e D:/EmbeddecSystemsStuff/ticcs1230/simplelink_cc32xx_sdk_7_10_00_13/source\ti/devices/cc32xx/driverlib/gcc/Release/driverlib.a(uart.obj)
                0x2000a498                UARTIntClear
 .text.UARTDMAEnable
                0x2000a4b6       0x26 D:/EmbeddecSystemsStuff/ticcs1230/simplelink_cc32xx_sdk_7_10_00_13/source\ti/devices/cc32xx/driverlib/gcc/Release/driverlib.a(uart.obj)
                0x2000a4b6                UARTDMAEnable
 .text.UARTDMADisable
                0x2000a4dc       0x26 D:/EmbeddecSystemsStuff/ticcs1230/simplelink_cc32xx_sdk_7_10_00_13/source\ti/devices/cc32xx/driverlib/gcc/Release/driverlib.a(uart.obj)
                0x2000a4dc                UARTDMADisable
 .text.UARTRxErrorGet
                0x2000a502       0x1c D:/EmbeddecSystemsStuff/ticcs1230/simplelink_cc32xx_sdk_7_10_00_13/source\ti/devices/cc32xx/driverlib/gcc/Release/driverlib.a(uart.obj)
                0x2000a502                UARTRxErrorGet
 *fill*         0x2000a51e        0x2 
 .text.uDMAEnable
                0x2000a520       0x18 D:/EmbeddecSystemsStuff/ticcs1230/simplelink_cc32xx_sdk_7_10_00_13/source\ti/devices/cc32xx/driverlib/gcc/Release/driverlib.a(udma.obj)
                0x2000a520                uDMAEnable
 .text.uDMAErrorStatusGet
                0x2000a538       0x14 D:/EmbeddecSystemsStuff/ticcs1230/simplelink_cc32xx_sdk_7_10_00_13/source\ti/devices/cc32xx/driverlib/gcc/Release/driverlib.a(udma.obj)
                0x2000a538                uDMAErrorStatusGet
 .text.uDMAErrorStatusClear
                0x2000a54c       0x18 D:/EmbeddecSystemsStuff/ticcs1230/simplelink_cc32xx_sdk_7_10_00_13/source\ti/devices/cc32xx/driverlib/gcc/Release/driverlib.a(udma.obj)
                0x2000a54c                uDMAErrorStatusClear
 .text.uDMAChannelEnable
                0x2000a564       0x24 D:/EmbeddecSystemsStuff/ticcs1230/simplelink_cc32xx_sdk_7_10_00_13/source\ti/devices/cc32xx/driverlib/gcc/Release/driverlib.a(udma.obj)
                0x2000a564                uDMAChannelEnable
 .text.uDMAChannelDisable
                0x2000a588       0x24 D:/EmbeddecSystemsStuff/ticcs1230/simplelink_cc32xx_sdk_7_10_00_13/source\ti/devices/cc32xx/driverlib/gcc/Release/driverlib.a(udma.obj)
                0x2000a588                uDMAChannelDisable
 .text.uDMAChannelIsEnabled
                0x2000a5ac       0x34 D:/EmbeddecSystemsStuff/ticcs1230/simplelink_cc32xx_sdk_7_10_00_13/source\ti/devices/cc32xx/driverlib/gcc/Release/driverlib.a(udma.obj)
                0x2000a5ac                uDMAChannelIsEnabled
 .text.uDMAControlBaseSet
                0x2000a5e0       0x1c D:/EmbeddecSystemsStuff/ticcs1230/simplelink_cc32xx_sdk_7_10_00_13/source\ti/devices/cc32xx/driverlib/gcc/Release/driverlib.a(udma.obj)
                0x2000a5e0                uDMAControlBaseSet
 .text.uDMAChannelAttributeDisable
                0x2000a5fc       0x7c D:/EmbeddecSystemsStuff/ticcs1230/simplelink_cc32xx_sdk_7_10_00_13/source\ti/devices/cc32xx/driverlib/gcc/Release/driverlib.a(udma.obj)
                0x2000a5fc                uDMAChannelAttributeDisable
 .text.uDMAChannelControlSet
                0x2000a678       0x48 D:/EmbeddecSystemsStuff/ticcs1230/simplelink_cc32xx_sdk_7_10_00_13/source\ti/devices/cc32xx/driverlib/gcc/Release/driverlib.a(udma.obj)
                0x2000a678                uDMAChannelControlSet
 .text.uDMAChannelTransferSet
                0x2000a6c0      0x104 D:/EmbeddecSystemsStuff/ticcs1230/simplelink_cc32xx_sdk_7_10_00_13/source\ti/devices/cc32xx/driverlib/gcc/Release/driverlib.a(udma.obj)
                0x2000a6c0                uDMAChannelTransferSet
 .text.uDMAChannelSizeGet
                0x2000a7c4       0x48 D:/EmbeddecSystemsStuff/ticcs1230/simplelink_cc32xx_sdk_7_10_00_13/source\ti/devices/cc32xx/driverlib/gcc/Release/driverlib.a(udma.obj)
                0x2000a7c4                uDMAChannelSizeGet
 .text.uDMAIntClear
                0x2000a80c       0x1c D:/EmbeddecSystemsStuff/ticcs1230/simplelink_cc32xx_sdk_7_10_00_13/source\ti/devices/cc32xx/driverlib/gcc/Release/driverlib.a(udma.obj)
                0x2000a80c                uDMAIntClear
 .text.uDMAChannelAssign
                0x2000a828       0x58 D:/EmbeddecSystemsStuff/ticcs1230/simplelink_cc32xx_sdk_7_10_00_13/source\ti/devices/cc32xx/driverlib/gcc/Release/driverlib.a(udma.obj)
                0x2000a828                uDMAChannelAssign
 .text.UtilsDelay
                0x2000a880        0xa D:/EmbeddecSystemsStuff/ticcs1230/simplelink_cc32xx_sdk_7_10_00_13/source\ti/devices/cc32xx/driverlib/gcc/Release/driverlib.a(utils.obj)
                0x2000a880                UtilsDelay
 *fill*         0x2000a88a        0x2 
 .text.FlashDisable
                0x2000a88c       0x50 D:/EmbeddecSystemsStuff/ticcs1230/simplelink_cc32xx_sdk_7_10_00_13/source\ti/devices/cc32xx/driverlib/gcc/Release/driverlib.a(flash.obj)
                0x2000a88c                FlashDisable
 .text.malloc   0x2000a8dc       0x10 D:/EmbeddecSystemsStuff/ticcs1230/ccs/tools/compiler/gcc-arm-none-eabi-9-2019-q4-major/arm-none-eabi/lib/thumb/v7e-m/nofp\libc_nano.a(lib_a-malloc.o)
                0x2000a8dc                malloc
 .text.free     0x2000a8ec       0x10 D:/EmbeddecSystemsStuff/ticcs1230/ccs/tools/compiler/gcc-arm-none-eabi-9-2019-q4-major/arm-none-eabi/lib/thumb/v7e-m/nofp\libc_nano.a(lib_a-malloc.o)
                0x2000a8ec                free
 .text.memcpy   0x2000a8fc       0x1c D:/EmbeddecSystemsStuff/ticcs1230/ccs/tools/compiler/gcc-arm-none-eabi-9-2019-q4-major/arm-none-eabi/lib/thumb/v7e-m/nofp\libc_nano.a(lib_a-memcpy-stub.o)
                0x2000a8fc                memcpy
 .text.memset   0x2000a918       0x10 D:/EmbeddecSystemsStuff/ticcs1230/ccs/tools/compiler/gcc-arm-none-eabi-9-2019-q4-major/arm-none-eabi/lib/thumb/v7e-m/nofp\libc_nano.a(lib_a-memset.o)
                0x2000a918                memset
 .text._free_r  0x2000a928       0x9c D:/EmbeddecSystemsStuff/ticcs1230/ccs/tools/compiler/gcc-arm-none-eabi-9-2019-q4-major/arm-none-eabi/lib/thumb/v7e-m/nofp\libc_nano.a(lib_a-nano-freer.o)
                0x2000a928                _free_r
 .text._malloc_r
                0x2000a9c4       0xb4 D:/EmbeddecSystemsStuff/ticcs1230/ccs/tools/compiler/gcc-arm-none-eabi-9-2019-q4-major/arm-none-eabi/lib/thumb/v7e-m/nofp\libc_nano.a(lib_a-nano-mallocr.o)
                0x2000a9c4                _malloc_r
 .text._sbrk_r  0x2000aa78       0x20 D:/EmbeddecSystemsStuff/ticcs1230/ccs/tools/compiler/gcc-arm-none-eabi-9-2019-q4-major/arm-none-eabi/lib/thumb/v7e-m/nofp\libc_nano.a(lib_a-sbrkr.o)
                0x2000aa78                _sbrk_r
 .text.snprintf
                0x2000aa98       0x68 D:/EmbeddecSystemsStuff/ticcs1230/ccs/tools/compiler/gcc-arm-none-eabi-9-2019-q4-major/arm-none-eabi/lib/thumb/v7e-m/nofp\libc_nano.a(lib_a-snprintf.o)
                0x2000aa98                sniprintf
                0x2000aa98                snprintf
 .text.__malloc_lock
                0x2000ab00        0xc D:/EmbeddecSystemsStuff/ticcs1230/ccs/tools/compiler/gcc-arm-none-eabi-9-2019-q4-major/arm-none-eabi/lib/thumb/v7e-m/nofp\libc_nano.a(lib_a-mlock.o)
                0x2000ab00                __malloc_lock
 .text.__malloc_unlock
                0x2000ab0c        0xc D:/EmbeddecSystemsStuff/ticcs1230/ccs/tools/compiler/gcc-arm-none-eabi-9-2019-q4-major/arm-none-eabi/lib/thumb/v7e-m/nofp\libc_nano.a(lib_a-mlock.o)
                0x2000ab0c                __malloc_unlock
 .text.__ssputs_r
                0x2000ab18       0xb6 D:/EmbeddecSystemsStuff/ticcs1230/ccs/tools/compiler/gcc-arm-none-eabi-9-2019-q4-major/arm-none-eabi/lib/thumb/v7e-m/nofp\libc_nano.a(lib_a-nano-svfprintf.o)
                0x2000ab18                __ssputs_r
 *fill*         0x2000abce        0x2 
 .text._svfprintf_r
                0x2000abd0      0x200 D:/EmbeddecSystemsStuff/ticcs1230/ccs/tools/compiler/gcc-arm-none-eabi-9-2019-q4-major/arm-none-eabi/lib/thumb/v7e-m/nofp\libc_nano.a(lib_a-nano-svfprintf.o)
                0x2000abd0                _svfiprintf_r
                0x2000abd0                _svfprintf_r
 .text._printf_common
                0x2000add0       0xda D:/EmbeddecSystemsStuff/ticcs1230/ccs/tools/compiler/gcc-arm-none-eabi-9-2019-q4-major/arm-none-eabi/lib/thumb/v7e-m/nofp\libc_nano.a(lib_a-nano-vfprintf_i.o)
                0x2000add0                _printf_common
 *fill*         0x2000aeaa        0x2 
 .text._printf_i
                0x2000aeac      0x24c D:/EmbeddecSystemsStuff/ticcs1230/ccs/tools/compiler/gcc-arm-none-eabi-9-2019-q4-major/arm-none-eabi/lib/thumb/v7e-m/nofp\libc_nano.a(lib_a-nano-vfprintf_i.o)
                0x2000aeac                _printf_i
 .text.__retarget_lock_acquire_recursive
                0x2000b0f8        0x2 D:/EmbeddecSystemsStuff/ticcs1230/ccs/tools/compiler/gcc-arm-none-eabi-9-2019-q4-major/arm-none-eabi/lib/thumb/v7e-m/nofp\libc_nano.a(lib_a-lock.o)
                0x2000b0f8                __retarget_lock_acquire_recursive
 .text.__retarget_lock_release_recursive
                0x2000b0fa        0x2 D:/EmbeddecSystemsStuff/ticcs1230/ccs/tools/compiler/gcc-arm-none-eabi-9-2019-q4-major/arm-none-eabi/lib/thumb/v7e-m/nofp\libc_nano.a(lib_a-lock.o)
                0x2000b0fa                __retarget_lock_release_recursive
 .text.memmove  0x2000b0fc       0x34 D:/EmbeddecSystemsStuff/ticcs1230/ccs/tools/compiler/gcc-arm-none-eabi-9-2019-q4-major/arm-none-eabi/lib/thumb/v7e-m/nofp\libc_nano.a(lib_a-memmove.o)
                0x2000b0fc                memmove
 .text._realloc_r
                0x2000b130       0x4c D:/EmbeddecSystemsStuff/ticcs1230/ccs/tools/compiler/gcc-arm-none-eabi-9-2019-q4-major/arm-none-eabi/lib/thumb/v7e-m/nofp\libc_nano.a(lib_a-nano-reallocr.o)
                0x2000b130                _realloc_r
 .text._malloc_usable_size_r
                0x2000b17c       0x10 D:/EmbeddecSystemsStuff/ticcs1230/ccs/tools/compiler/gcc-arm-none-eabi-9-2019-q4-major/arm-none-eabi/lib/thumb/v7e-m/nofp\libc_nano.a(lib_a-nano-msizer.o)
                0x2000b17c                _malloc_usable_size_r
 .text._sbrk    0x2000b18c       0x1c D:/EmbeddecSystemsStuff/ticcs1230/ccs/tools/compiler/gcc-arm-none-eabi-9-2019-q4-major/arm-none-eabi/lib/thumb/v7e-m/nofp\libnosys.a(sbrk.o)
                0x2000b18c                _sbrk
                0x2000b1a8                . = ALIGN (0x4)
 *(.ctors)
                0x2000b1a8                . = ALIGN (0x4)
 *(.dtors)
                0x2000b1a8                . = ALIGN (0x4)
                0x2000b1a8                __init_array_start = .
 *(.init_array*)
                0x2000b1a8                __init_array_end = .
 *(.init)
 *(.fini*)
                [!provide]                PROVIDE (__etext = .)
                [!provide]                PROVIDE (_etext = .)
                [!provide]                PROVIDE (etext = .)

.glue_7         0x2000b1a8        0x0
 .glue_7        0x2000b1a8        0x0 linker stubs

.glue_7t        0x2000b1a8        0x0
 .glue_7t       0x2000b1a8        0x0 linker stubs

.vfp11_veneer   0x2000b1a8        0x0
 .vfp11_veneer  0x2000b1a8        0x0 linker stubs

.v4_bx          0x2000b1a8        0x0
 .v4_bx         0x2000b1a8        0x0 linker stubs

.iplt           0x2000b1a8        0x0
 .iplt          0x2000b1a8        0x0 ./gpiointerrupt.o

.rodata         0x2000b1a8      0x607
 *(.rodata)
 *(.rodata*)
 .rodata.SD_SM.str1.4
                0x2000b1a8       0x26 ./gpiointerrupt.o
 *fill*         0x2000b1ce        0x2 
 .rodata.InitI2C.str1.4
                0x2000b1d0       0xaa ./gpiointerrupt.o
 *fill*         0x2000b27a        0x2 
 .rodata.readTemp.str1.4
                0x2000b27c       0x69 ./gpiointerrupt.o
 *fill*         0x2000b2e5        0x3 
 .rodata.str1.4
                0x2000b2e8        0xc ./gpiointerrupt.o
 .rodata.sensors
                0x2000b2f4       0x18 ./gpiointerrupt.o
 .rodata.GPIO_config
                0x2000b30c       0x10 ./syscfg/ti_drivers_config.o
                0x2000b30c                GPIO_config
 .rodata.GPIO_pinUpperBound
                0x2000b31c        0x1 ./syscfg/ti_drivers_config.o
                0x2000b31c                GPIO_pinUpperBound
 *fill*         0x2000b31d        0x3 
 .rodata.I2C_config
                0x2000b320        0x8 ./syscfg/ti_drivers_config.o
                0x2000b320                I2C_config
 .rodata.I2C_count
                0x2000b328        0x1 ./syscfg/ti_drivers_config.o
                0x2000b328                I2C_count
 *fill*         0x2000b329        0x3 
 .rodata.PowerCC32XX_config
                0x2000b32c       0x44 ./syscfg/ti_drivers_config.o
                0x2000b32c                PowerCC32XX_config
 .rodata.Timer_config
                0x2000b370        0x8 ./syscfg/ti_drivers_config.o
                0x2000b370                Timer_config
 .rodata.Timer_count
                0x2000b378        0x1 ./syscfg/ti_drivers_config.o
                0x2000b378                Timer_count
 *fill*         0x2000b379        0x3 
 .rodata.UART2_config
                0x2000b37c        0x8 ./syscfg/ti_drivers_config.o
                0x2000b37c                UART2_config
 .rodata.UART2_count
                0x2000b384        0x1 ./syscfg/ti_drivers_config.o
                0x2000b384                UART2_count
 *fill*         0x2000b385        0x3 
 .rodata.UDMACC32XX_config
                0x2000b388        0x8 ./syscfg/ti_drivers_config.o
                0x2000b388                UDMACC32XX_config
 .rodata.i2cCC32XXHWAttrs
                0x2000b390       0x14 ./syscfg/ti_drivers_config.o
                0x2000b390                i2cCC32XXHWAttrs
 .rodata.timerCC32XXHWAttrs
                0x2000b3a4       0x10 ./syscfg/ti_drivers_config.o
                0x2000b3a4                timerCC32XXHWAttrs
 .rodata.uart2CC32XXHWAttrs0
                0x2000b3b4       0x38 ./syscfg/ti_drivers_config.o
 .rodata.udmaCC3220SHWAttrs
                0x2000b3ec        0xc ./syscfg/ti_drivers_config.o
                0x2000b3ec                udmaCC3220SHWAttrs
 .rodata.pinTable
                0x2000b3f8       0x21 D:/EmbeddecSystemsStuff/ticcs1230/simplelink_cc32xx_sdk_7_10_00_13/source\ti/drivers/lib/gcc/m4/drivers_cc32xx.a(GPIOCC32XX.c.obj)
 *fill*         0x2000b419        0x3 
 .rodata.portConfigs
                0x2000b41c       0x28 D:/EmbeddecSystemsStuff/ticcs1230/simplelink_cc32xx_sdk_7_10_00_13/source\ti/drivers/lib/gcc/m4/drivers_cc32xx.a(GPIOCC32XX.c.obj)
 .rodata.I2C_defaultParams
                0x2000b444       0x10 D:/EmbeddecSystemsStuff/ticcs1230/simplelink_cc32xx_sdk_7_10_00_13/source\ti/drivers/lib/gcc/m4/drivers_cc32xx.a(I2CCC32XX.c.obj)
 .rodata.defaultParams
                0x2000b454        0xc D:/EmbeddecSystemsStuff/ticcs1230/simplelink_cc32xx_sdk_7_10_00_13/source\ti/drivers/lib/gcc/m4/drivers_cc32xx.a(Timer.c.obj)
 .rodata.defaultParams
                0x2000b460        0xc D:/EmbeddecSystemsStuff/ticcs1230/simplelink_cc32xx_sdk_7_10_00_13/source\ti/drivers/lib/gcc/m4/drivers_cc32xx.a(TimerCC32XX.c.obj)
 .rodata.UART2_defaultParams
                0x2000b46c       0x24 D:/EmbeddecSystemsStuff/ticcs1230/simplelink_cc32xx_sdk_7_10_00_13/source\ti/drivers/lib/gcc/m4/drivers_cc32xx.a(UART2.c.obj)
                0x2000b46c                UART2_defaultParams
 .rodata.dataLength
                0x2000b490        0x4 D:/EmbeddecSystemsStuff/ticcs1230/simplelink_cc32xx_sdk_7_10_00_13/source\ti/drivers/lib/gcc/m4/drivers_cc32xx.a(UART2CC32XX.c.obj)
 .rodata.parityType
                0x2000b494        0x5 D:/EmbeddecSystemsStuff/ticcs1230/simplelink_cc32xx_sdk_7_10_00_13/source\ti/drivers/lib/gcc/m4/drivers_cc32xx.a(UART2CC32XX.c.obj)
 *fill*         0x2000b499        0x3 
 .rodata.stopBits
                0x2000b49c        0x2 D:/EmbeddecSystemsStuff/ticcs1230/simplelink_cc32xx_sdk_7_10_00_13/source\ti/drivers/lib/gcc/m4/drivers_cc32xx.a(UART2CC32XX.c.obj)
 *fill*         0x2000b49e        0x2 
 .rodata.g_pulRegs
                0x2000b4a0       0xd4 D:/EmbeddecSystemsStuff/ticcs1230/simplelink_cc32xx_sdk_7_10_00_13/source\ti/devices/cc32xx/driverlib/gcc/Release/driverlib.a(interrupt.obj)
 .rodata.g_pulEnRegs
                0x2000b574       0x18 D:/EmbeddecSystemsStuff/ticcs1230/simplelink_cc32xx_sdk_7_10_00_13/source\ti/devices/cc32xx/driverlib/gcc/Release/driverlib.a(interrupt.obj)
 .rodata.g_pulDisRegs
                0x2000b58c       0x18 D:/EmbeddecSystemsStuff/ticcs1230/simplelink_cc32xx_sdk_7_10_00_13/source\ti/devices/cc32xx/driverlib/gcc/Release/driverlib.a(interrupt.obj)
 .rodata.g_pulPendRegs
                0x2000b5a4       0x18 D:/EmbeddecSystemsStuff/ticcs1230/simplelink_cc32xx_sdk_7_10_00_13/source\ti/devices/cc32xx/driverlib/gcc/Release/driverlib.a(interrupt.obj)
 .rodata.g_pulUnpendRegs
                0x2000b5bc       0x18 D:/EmbeddecSystemsStuff/ticcs1230/simplelink_cc32xx_sdk_7_10_00_13/source\ti/devices/cc32xx/driverlib/gcc/Release/driverlib.a(interrupt.obj)
 .rodata.g_ulPinToPadMap
                0x2000b5d4      0x100 D:/EmbeddecSystemsStuff/ticcs1230/simplelink_cc32xx_sdk_7_10_00_13/source\ti/devices/cc32xx/driverlib/gcc/Release/driverlib.a(pin.obj)
 .rodata.PRCM_PeriphRegsList
                0x2000b6d4       0xa8 D:/EmbeddecSystemsStuff/ticcs1230/simplelink_cc32xx_sdk_7_10_00_13/source\ti/devices/cc32xx/driverlib/gcc/Release/driverlib.a(prcm.obj)
 .rodata._svfprintf_r.str1.1
                0x2000b77c       0x11 D:/EmbeddecSystemsStuff/ticcs1230/ccs/tools/compiler/gcc-arm-none-eabi-9-2019-q4-major/arm-none-eabi/lib/thumb/v7e-m/nofp\libc_nano.a(lib_a-nano-svfprintf.o)
 .rodata._printf_i.str1.1
                0x2000b78d       0x22 D:/EmbeddecSystemsStuff/ticcs1230/ccs/tools/compiler/gcc-arm-none-eabi-9-2019-q4-major/arm-none-eabi/lib/thumb/v7e-m/nofp\libc_nano.a(lib_a-nano-vfprintf_i.o)

.data           0x2000b7b0      0x35c
                0x2000b7b0                __data_load__ = LOADADDR (.data)
                0x2000b7b0                __data_start__ = .
 *(.data)
 *(.data*)
 .data.gpioPinConfigs
                0x2000b7b0       0x84 ./syscfg/ti_drivers_config.o
                0x2000b7b0                gpioPinConfigs
 .data.parkInfo
                0x2000b834       0xf8 ./syscfg/ti_drivers_config.o
                0x2000b834                parkInfo
 .data.PowerCC32XX_module
                0x2000b92c      0x16c D:/EmbeddecSystemsStuff/ticcs1230/simplelink_cc32xx_sdk_7_10_00_13/source\ti/drivers/lib/gcc/m4/drivers_cc32xx.a(PowerCC32XX.c.obj)
                0x2000b92c                PowerCC32XX_module
 .data.SemaphoreP_defaultParams
                0x2000ba98        0x8 D:/EmbeddecSystemsStuff/ticcs1230/simplelink_cc32xx_sdk_7_10_00_13/kernel/nortos\lib/gcc/m4/nortos_cc32xx.a(SemaphoreP_nortos.c.obj)
                0x2000ba98                SemaphoreP_defaultParams
 .data.ClockP_tickPeriod
                0x2000baa0        0x4 D:/EmbeddecSystemsStuff/ticcs1230/simplelink_cc32xx_sdk_7_10_00_13/kernel/nortos\lib/gcc/m4/nortos_cc32xx.a(ClockPSysTick_nortos.c.obj)
                0x2000baa0                ClockP_tickPeriod
 .data.HwiP_swiPIntNum
                0x2000baa4        0x4 D:/EmbeddecSystemsStuff/ticcs1230/simplelink_cc32xx_sdk_7_10_00_13/kernel/nortos\lib/gcc/m4/nortos_cc32xx.a(HwiPCC32XX_nortos.c.obj)
                0x2000baa4                HwiP_swiPIntNum
 .data._impure_ptr
                0x2000baa8        0x4 D:/EmbeddecSystemsStuff/ticcs1230/ccs/tools/compiler/gcc-arm-none-eabi-9-2019-q4-major/arm-none-eabi/lib/thumb/v7e-m/nofp\libc_nano.a(lib_a-impure.o)
                0x2000baa8                _impure_ptr
 .data.impure_data
                0x2000baac       0x60 D:/EmbeddecSystemsStuff/ticcs1230/ccs/tools/compiler/gcc-arm-none-eabi-9-2019-q4-major/arm-none-eabi/lib/thumb/v7e-m/nofp\libc_nano.a(lib_a-impure.o)
                0x2000bb0c                . = ALIGN (0x4)
                0x2000bb0c                __data_end__ = .

.igot.plt       0x2000bb0c        0x0
 .igot.plt      0x2000bb0c        0x0 ./gpiointerrupt.o

.ARM.exidx      0x2000bb0c        0x8
                0x2000bb0c                __exidx_start = .
 *(.ARM.exidx* .gnu.linkonce.armexidx.*)
 .ARM.exidx     0x2000bb0c        0x8 d:/embeddecsystemsstuff/ticcs1230/ccs/tools/compiler/gcc-arm-none-eabi-9-2019-q4-major/bin/../lib/gcc/arm-none-eabi/9.2.1/thumb/v7e-m/nofp\libgcc.a(_udivmoddi4.o)
                0x2000bb14                __exidx_end = .

.rel.dyn        0x2000bb14        0x0
 .rel.iplt      0x2000bb14        0x0 ./gpiointerrupt.o

.ARM.extab
 *(.ARM.extab* .gnu.linkonce.armextab.*)

.bss            0x2000bc00     0x11c0
                0x2000bc00                __bss_start__ = .
 *(.shbss)
 *(.bss)
 *(.bss.*)
 .bss.TimerFlag
                0x2000bc00        0x1 ./gpiointerrupt.o
                0x2000bc00                TimerFlag
 *fill*         0x2000bc01      0x3ff 
 .bss.dmaControlTable
                0x2000c000      0x400 ./syscfg/ti_drivers_config.o
 .bss.uart2RxRingBuffer0
                0x2000c400       0x20 ./syscfg/ti_drivers_config.o
 .bss.uart2TxRingBuffer0
                0x2000c420       0x20 ./syscfg/ti_drivers_config.o
 .bss.initCalled
                0x2000c440        0x1 D:/EmbeddecSystemsStuff/ticcs1230/simplelink_cc32xx_sdk_7_10_00_13/source\ti/drivers/lib/gcc/m4/drivers_cc32xx.a(GPIOCC32XX.c.obj)
 *fill*         0x2000c441        0x3 
 .bss.initSem.4818
                0x2000c444        0x4 D:/EmbeddecSystemsStuff/ticcs1230/simplelink_cc32xx_sdk_7_10_00_13/source\ti/drivers/lib/gcc/m4/drivers_cc32xx.a(GPIOCC32XX.c.obj)
 .bss.portHwiCreatedBitMask
                0x2000c448        0x1 D:/EmbeddecSystemsStuff/ticcs1230/simplelink_cc32xx_sdk_7_10_00_13/source\ti/drivers/lib/gcc/m4/drivers_cc32xx.a(GPIOCC32XX.c.obj)
 *fill*         0x2000c449        0x3 
 .bss.powerNotifyObj
                0x2000c44c       0x14 D:/EmbeddecSystemsStuff/ticcs1230/simplelink_cc32xx_sdk_7_10_00_13/source\ti/drivers/lib/gcc/m4/drivers_cc32xx.a(GPIOCC32XX.c.obj)
 .bss.timerState
                0x2000c460        0x4 D:/EmbeddecSystemsStuff/ticcs1230/simplelink_cc32xx_sdk_7_10_00_13/source\ti/drivers/lib/gcc/m4/drivers_cc32xx.a(TimerCC32XX.c.obj)
 .bss.dmaInitialized
                0x2000c464        0x1 D:/EmbeddecSystemsStuff/ticcs1230/simplelink_cc32xx_sdk_7_10_00_13/source\ti/drivers/lib/gcc/m4/drivers_cc32xx.a(UDMACC32XX.c.obj)
 *fill*         0x2000c465        0x3 
 .bss.postNotifyObj
                0x2000c468       0x14 D:/EmbeddecSystemsStuff/ticcs1230/simplelink_cc32xx_sdk_7_10_00_13/source\ti/drivers/lib/gcc/m4/drivers_cc32xx.a(UDMACC32XX.c.obj)
 .bss.refCount  0x2000c47c        0x4 D:/EmbeddecSystemsStuff/ticcs1230/simplelink_cc32xx_sdk_7_10_00_13/source\ti/drivers/lib/gcc/m4/drivers_cc32xx.a(UDMACC32XX.c.obj)
 .bss.SemaphoreP_initialized
                0x2000c480        0x1 D:/EmbeddecSystemsStuff/ticcs1230/simplelink_cc32xx_sdk_7_10_00_13/kernel/nortos\lib/gcc/m4/nortos_cc32xx.a(SemaphoreP_nortos.c.obj)
 .bss.doEnablePolicy
                0x2000c481        0x1 D:/EmbeddecSystemsStuff/ticcs1230/simplelink_cc32xx_sdk_7_10_00_13/kernel/nortos\lib/gcc/m4/nortos_cc32xx.a(SemaphoreP_nortos.c.obj)
 .bss.pendInProgress
                0x2000c482        0x1 D:/EmbeddecSystemsStuff/ticcs1230/simplelink_cc32xx_sdk_7_10_00_13/kernel/nortos\lib/gcc/m4/nortos_cc32xx.a(SemaphoreP_nortos.c.obj)
 .bss.ClockP_initialized
                0x2000c483        0x1 D:/EmbeddecSystemsStuff/ticcs1230/simplelink_cc32xx_sdk_7_10_00_13/kernel/nortos\lib/gcc/m4/nortos_cc32xx.a(ClockPSysTick_nortos.c.obj)
 .bss.sysTickPeriod
                0x2000c484        0x4 D:/EmbeddecSystemsStuff/ticcs1230/simplelink_cc32xx_sdk_7_10_00_13/kernel/nortos\lib/gcc/m4/nortos_cc32xx.a(ClockPSysTick_nortos.c.obj)
 .bss.HwiP_dispatchTable
                0x2000c488      0x30c D:/EmbeddecSystemsStuff/ticcs1230/simplelink_cc32xx_sdk_7_10_00_13/kernel/nortos\lib/gcc/m4/nortos_cc32xx.a(HwiPCC32XX_nortos.c.obj)
 .bss.SwiP_lockState
                0x2000c794        0x4 D:/EmbeddecSystemsStuff/ticcs1230/simplelink_cc32xx_sdk_7_10_00_13/kernel/nortos\lib/gcc/m4/nortos_cc32xx.a(SwiP_nortos.c.obj)
 .bss.SwiP_readyMask
                0x2000c798        0x4 D:/EmbeddecSystemsStuff/ticcs1230/simplelink_cc32xx_sdk_7_10_00_13/kernel/nortos\lib/gcc/m4/nortos_cc32xx.a(SwiP_nortos.c.obj)
 .bss.SwiP_schedulerRunning
                0x2000c79c        0x1 D:/EmbeddecSystemsStuff/ticcs1230/simplelink_cc32xx_sdk_7_10_00_13/kernel/nortos\lib/gcc/m4/nortos_cc32xx.a(SwiP_nortos.c.obj)
 *fill*         0x2000c79d        0x3 
 .bss.__malloc_free_list
                0x2000c7a0        0x4 D:/EmbeddecSystemsStuff/ticcs1230/ccs/tools/compiler/gcc-arm-none-eabi-9-2019-q4-major/arm-none-eabi/lib/thumb/v7e-m/nofp\libc_nano.a(lib_a-nano-mallocr.o)
                0x2000c7a0                __malloc_free_list
 .bss.__malloc_sbrk_start
                0x2000c7a4        0x4 D:/EmbeddecSystemsStuff/ticcs1230/ccs/tools/compiler/gcc-arm-none-eabi-9-2019-q4-major/arm-none-eabi/lib/thumb/v7e-m/nofp\libc_nano.a(lib_a-nano-mallocr.o)
                0x2000c7a4                __malloc_sbrk_start
 .bss.heap_end.4144
                0x2000c7a8        0x4 D:/EmbeddecSystemsStuff/ticcs1230/ccs/tools/compiler/gcc-arm-none-eabi-9-2019-q4-major/arm-none-eabi/lib/thumb/v7e-m/nofp\libnosys.a(sbrk.o)
 *(COMMON)
 COMMON         0x2000c7ac       0xbc ./gpiointerrupt.o
                0x2000c7ac                timer0
                0x2000c7b0                tasks
                0x2000c7ec                output
                0x2000c82c                ambientTemp
                0x2000c830                i2cTransaction
                0x2000c850                i2c
                0x2000c854                rxBuffer
                0x2000c858                bytesToSend
                0x2000c85c                seconds
                0x2000c860                txBuffer
                0x2000c861                heat
                0x2000c862                setPoint
                0x2000c864                uart
 COMMON         0x2000c868      0x408 ./syscfg/ti_drivers_config.o
                0x2000c868                gpioCallbackFunctions
                0x2000c8ec                uart2CC32XXObjects0
                0x2000ca64                udmaCC3220SObject
                0x2000ca6c                timerCC32XXObjects
                0x2000caf0                i2cCC32XXObjects
                0x2000cbec                gpioUserArgs
 COMMON         0x2000cc70      0x12c D:/EmbeddecSystemsStuff/ticcs1230/simplelink_cc32xx_sdk_7_10_00_13/source\ti/drivers/lib/gcc/m4/drivers_cc32xx.a(PowerCC32XX.c.obj)
                0x2000cc70                PowerCC32XX_contextSave
 *fill*         0x2000cd9c        0x4 
 COMMON         0x2000cda0       0x10 D:/EmbeddecSystemsStuff/ticcs1230/simplelink_cc32xx_sdk_7_10_00_13/kernel/nortos\lib/gcc/m4/nortos_cc32xx.a(ClockPSysTick_nortos.c.obj)
                0x2000cda0                ClockP_ctrl
 COMMON         0x2000cdb0        0x4 D:/EmbeddecSystemsStuff/ticcs1230/ccs/tools/compiler/gcc-arm-none-eabi-9-2019-q4-major/arm-none-eabi/lib/thumb/v7e-m/nofp\libc_nano.a(lib_a-reent.o)
                0x2000cdb0                errno
 COMMON         0x2000cdb4        0x9 D:/EmbeddecSystemsStuff/ticcs1230/ccs/tools/compiler/gcc-arm-none-eabi-9-2019-q4-major/arm-none-eabi/lib/thumb/v7e-m/nofp\libc_nano.a(lib_a-lock.o)
                0x2000cdb4                __lock___atexit_recursive_mutex
                0x2000cdb5                __lock___arc4random_mutex
                0x2000cdb6                __lock___env_recursive_mutex
                0x2000cdb7                __lock___sinit_recursive_mutex
                0x2000cdb8                __lock___malloc_recursive_mutex
                0x2000cdb9                __lock___at_quick_exit_mutex
                0x2000cdba                __lock___dd_hash_mutex
                0x2000cdbb                __lock___tz_mutex
                0x2000cdbc                __lock___sfp_recursive_mutex
                0x2000cdc0                . = ALIGN (0x4)
 *fill*         0x2000cdbd        0x3 
                0x2000cdc0                __bss_end__ = .

.heap           0x2000cdc0     0x8000
                0x2000cdc0                __heap_start__ = .
                0x2000cdc0                end = __heap_start__
                0x2000cdc0                _end = end
                0x2000cdc0                __end = end
                0x20014dc0                . = (. + HEAP_SIZE)
 *fill*         0x2000cdc0     0x8000 
 *(.heap)
                0x20014dc0                __heap_end__ = .
                0x20014dc0                __HeapLimit = __heap_end__

.stack          0x20014dc0     0x1000
                0x20014dc0                _stack = .
                0x20014dc0                __stack = .
 *(.stack)
                0x20015dc0                . = (. + STACKSIZE)
 *fill*         0x20014dc0     0x1000 
                0x20015dc0                _stack_end = .
                0x20015dc0                __stack_end = .

.log_data
 *(.log_data)

.log_ptr
 *(.log_ptr*)
LOAD D:/EmbeddecSystemsStuff/Workspaces/final/gpiointerrupt_CC3220S_LAUNCHXL_nortos_gcc/MCU+Image/syscfg\ti_utils_build_linker.cmd.genlibs
LOAD D:/EmbeddecSystemsStuff/ticcs1230/simplelink_cc32xx_sdk_7_10_00_13/source\ti/drivers/lib/gcc/m4/drivers_cc32xx.a
LOAD D:/EmbeddecSystemsStuff/ticcs1230/simplelink_cc32xx_sdk_7_10_00_13/source\ti/grlib/lib/gcc/m4/grlib.a
LOAD D:/EmbeddecSystemsStuff/ticcs1230/simplelink_cc32xx_sdk_7_10_00_13/kernel/nortos\lib/gcc/m4/nortos_cc32xx.a